[00:10:08] [main/INFO] (FabricLoader/GameProvider) Loading Minecraft 26.1.2 with Fabric Loader 0.18.6
[00:10:08] [main/INFO] (FabricLoader/Mappings) Mappings not present!
[00:10:08] [main/INFO] (FabricLoader) Loading 55 mods:
	- craftingcompass 0.0.0
	- fabric-api 0.148.0+26.1.2
	- fabric-api-base 2.0.3+ece063234c
	- fabric-api-lookup-api-v1 2.0.11+d5a053b64c
	- fabric-biome-api-v1 18.0.4+35c80edc4c
	- fabric-block-api-v1 3.0.2+ec56b6014c
	- fabric-block-getter-api-v2 2.0.6+ec56b6014c
	- fabric-client-gametest-api-v1 5.0.16+cef2a4834c
	- fabric-command-api-v2 3.0.5+e2bdee784c
	- fabric-content-registries-v0 11.1.0+1a3b26974c
	- fabric-convention-tags-v2 4.5.0+c52289644c
	- fabric-crash-report-info-v1 1.0.3+9f78a5a84c
	- fabric-creative-tab-api-v1 5.0.10+d871b99e4c
	- fabric-data-attachment-api-v1 2.2.4+d602a8964c
	- fabric-data-generation-api-v1 24.1.0+47b0d63c4c
	- fabric-debug-api-v1 1.0.1+c792624d4c
	- fabric-dimensions-v1 5.1.5+9cbf5da54c
	- fabric-entity-events-v1 5.0.2+e2bdee784c
	- fabric-events-interaction-v0 5.2.0+a67251b84c
	- fabric-game-rule-api-v1 4.0.5+d871b99e4c
	- fabric-gametest-api-v1 4.0.13+00a1fba64c
	- fabric-item-api-v1 14.1.1+73d134684c
	- fabric-key-mapping-api-v1 2.0.4+e2bdee784c
	- fabric-lifecycle-events-v1 4.1.0+6d50a0854c
	- fabric-loot-api-v3 3.0.11+00a1fba64c
	- fabric-menu-api-v1 2.0.12+d871b99e4c
	- fabric-message-api-v1 7.0.5+dae8ce3e4c
	- fabric-model-loading-api-v1 8.0.6+c80601bb4c
	- fabric-networking-api-v1 6.3.0+50a808ce4c
	- fabric-object-builder-api-v1 23.0.14+b95dd56e4c
	- fabric-particles-v1 5.0.14+b61fef434c
	- fabric-recipe-api-v1 9.0.14+be4b75ae4c
	- fabric-registry-sync-v0 7.0.12+b61fef434c
	- fabric-renderer-api-v1 13.0.3+c80601bb4c
	- fabric-renderer-indigo 8.1.0+1403e82c4c
	- fabric-rendering-fluids-v1 6.0.1+d871b99e4c
	- fabric-rendering-v1 23.1.0+1403e82c4c
	- fabric-resource-conditions-api-v1 6.0.5+00a1fba64c
	- fabric-resource-loader-v0 3.3.16+4fc5413f4c
	- fabric-resource-loader-v1 2.0.9+d871b99e4c
	- fabric-screen-api-v1 5.0.1+d871b99e4c
	- fabric-serialization-api-v1 2.0.3+11a26f314c
	- fabric-sound-api-v1 2.0.4+11a26f314c
	- fabric-tag-api-v1 2.0.9+11a26f314c
	- fabric-transfer-api-v1 8.0.5+357ea7334c
	- fabric-transitive-access-wideners-v1 8.1.0+acd9108d4c
	- fabricloader 0.18.6
	- java 25
	- jei 29.5.0.28
	- minecraft 26.1.2
	- mixinextras 0.5.3
	- refinedstorage 3.0.0-beta.8
	   |-- cloth-config 26.1.154
	   |    \-- cloth-basic-math 0.6.1
	   \-- team_reborn_energy 5.0.0
[00:10:08] [main/WARN] (FabricLoader/ModRemap) Runtime mod remapping disabled due to no fabric.remapClasspathFile being specified. You may need to update loom.
[00:10:08] [main/INFO] (FabricLoader/Mixin) SpongePowered MIXIN Subsystem Version=0.8.7 Source=file:/C:/Users/chris/.gradle/caches/modules-2/files-2.1/net.fabricmc/sponge-mixin/0.17.0+mixin.0.8.7/cf31463202f72d03b0ef1e1e38e8ee71b7faaab6/sponge-mixin-0.17.0+mixin.0.8.7.jar Service=Knot/Fabric Env=CLIENT
[00:10:08] [main/INFO] (FabricLoader/Mixin) Compatibility level set to JAVA_25
[00:10:09] [main/INFO] (FabricLoader/MixinExtras|Service) Initializing MixinExtras via com.llamalad7.mixinextras.service.MixinExtrasServiceImpl(version=0.5.3).
[00:10:09] [Datafixer Bootstrap/INFO] (Minecraft) 291 Datafixer optimizations took 169 milliseconds
[00:10:12] [Render thread/INFO] (Minecraft) Environment: Environment[sessionHost=https://sessionserver.mojang.com, servicesHost=https://api.minecraftservices.com, profilesHost=https://api.mojang.com, name=PROD]
[00:10:12] [Render thread/INFO] (Minecraft) Setting user: Player827
[00:10:12] [Download-2/ERROR] (Minecraft) Failed to fetch user properties
com.mojang.authlib.exceptions.InvalidCredentialsException: Status: 401
	at knot//com.mojang.authlib.exceptions.MinecraftClientHttpException.toAuthenticationException(MinecraftClientHttpException.java:59)
	at knot//com.mojang.authlib.yggdrasil.YggdrasilUserApiService.fetchProperties(YggdrasilUserApiService.java:150)
	at knot//net.minecraft.client.Minecraft.lambda$new$1(Minecraft.java:459)
	at java.base/java.util.concurrent.CompletableFuture$AsyncSupply.run(CompletableFuture.java:1789)
	at java.base/java.util.concurrent.ThreadPoolExecutor.runWorker(ThreadPoolExecutor.java:1090)
	at java.base/java.util.concurrent.ThreadPoolExecutor$Worker.run(ThreadPoolExecutor.java:614)
	at java.base/java.lang.Thread.run(Thread.java:1474)
Caused by: com.mojang.authlib.exceptions.MinecraftClientHttpException: Status: 401
	at knot//com.mojang.authlib.minecraft.client.MinecraftClient.readInputStream(MinecraftClient.java:103)
	at knot//com.mojang.authlib.minecraft.client.MinecraftClient.get(MinecraftClient.java:56)
	at knot//com.mojang.authlib.yggdrasil.YggdrasilUserApiService.fetchProperties(YggdrasilUserApiService.java:121)
	... 5 more
[00:10:12] [Render thread/INFO] (Indigo) [Indigo] Registering Indigo renderer!
[00:10:12] [Render thread/INFO] (Minecraft) [STDOUT]: [CraftingCompass] Loader: fabric
[00:10:12] [Render thread/INFO] (Minecraft) [STDOUT]: [craftingcompass] Fabric client initialized
[00:10:12] [Render thread/INFO] (PluginCaller) Sending ConfigManager...
[00:10:12] [Render thread/INFO] (PluginCaller) Sending ConfigManager took 695.1 microseconds
[00:10:12] [Render thread/INFO] (Minecraft) Backend library: LWJGL version 3.4.1-snapshot
[00:10:13] [Render thread/INFO] (Minecraft) Using optional rendering extensions: GL_ARB_buffer_storage, GL_KHR_debug, GL_ARB_vertex_attrib_binding, GL_ARB_direct_state_access, GL_EXT_texture_filter_anisotropic
[00:10:13] [Render thread/INFO] (Minecraft) Reloading ResourceManager: vanilla, cloth-config, craftingcompass, fabric-api, fabric-api-base, fabric-api-lookup-api-v1, fabric-biome-api-v1, fabric-block-api-v1, fabric-block-getter-api-v2, fabric-client-gametest-api-v1, fabric-command-api-v2, fabric-content-registries-v0, fabric-convention-tags-v2, fabric-crash-report-info-v1, fabric-creative-tab-api-v1, fabric-data-attachment-api-v1, fabric-data-generation-api-v1, fabric-debug-api-v1, fabric-dimensions-v1, fabric-entity-events-v1, fabric-events-interaction-v0, fabric-game-rule-api-v1, fabric-gametest-api-v1, fabric-item-api-v1, fabric-key-mapping-api-v1, fabric-lifecycle-events-v1, fabric-loot-api-v3, fabric-menu-api-v1, fabric-message-api-v1, fabric-model-loading-api-v1, fabric-networking-api-v1, fabric-object-builder-api-v1, fabric-particles-v1, fabric-recipe-api-v1, fabric-registry-sync-v0, fabric-renderer-api-v1, fabric-renderer-indigo, fabric-rendering-fluids-v1, fabric-rendering-v1, fabric-resource-conditions-api-v1, fabric-resource-loader-v0, fabric-resource-loader-v1, fabric-screen-api-v1, fabric-serialization-api-v1, fabric-sound-api-v1, fabric-tag-api-v1, fabric-transfer-api-v1, fabric-transitive-access-wideners-v1, fabricloader, jei, refinedstorage, team_reborn_energy
[00:10:13] [Render thread/WARN] (ResourceLoaderImpl) The resource listener at mezz.jei.common.gui.textures.JeiAtlasManager does not use identifiable registration making ordering support more difficult for other modders.
[00:10:13] [Worker-Main-22/INFO] (Minecraft) Found unifont_all_no_pua-17.0.01.hex, loading
[00:10:13] [Worker-Main-11/INFO] (Minecraft) Found unifont_pua-17.0.01.hex, loading
[00:10:13] [Download-2/INFO] (Minecraft) Could not authorize you against Realms server: java.lang.RuntimeException: Failed to parse into SignedJWT: FabricMC
[00:10:13] [Download-2/ERROR] (Minecraft) Failed to fetch Realms feature flags
com.mojang.realmsclient.exception.RealmsServiceException: Realms authentication error with message 'java.lang.RuntimeException: Failed to parse into SignedJWT: FabricMC'
	at knot//com.mojang.realmsclient.client.RealmsClient.execute(RealmsClient.java:526)
	at knot//com.mojang.realmsclient.client.RealmsClient.fetchFeatureFlags(RealmsClient.java:186)
	at java.base/java.util.concurrent.CompletableFuture$AsyncSupply.run(CompletableFuture.java:1789)
	at java.base/java.util.concurrent.ThreadPoolExecutor.runWorker(ThreadPoolExecutor.java:1090)
	at java.base/java.util.concurrent.ThreadPoolExecutor$Worker.run(ThreadPoolExecutor.java:614)
	at java.base/java.lang.Thread.run(Thread.java:1474)
[00:10:13] [Worker-Main-19/INFO] (Minecraft) Found unifont_jp_patch-17.0.01.hex, loading
[00:10:14] [Worker-Main-16/WARN] (Minecraft) Missing texture references in model refinedstorage:block/disk/led/inactive:
    #base
[00:10:14] [Render thread/INFO] (Minecraft) OpenAL initialized on device OpenAL Soft on Speakers (Realtek USB Audio)
[00:10:14] [Render thread/INFO] (Minecraft) Sound engine started
[00:10:14] [Render thread/INFO] (Minecraft) Created: 512x256x0 minecraft:textures/atlas/particles.png-atlas
[00:10:14] [Render thread/INFO] (Minecraft) Created: 128x128x0 minecraft:textures/atlas/decorated_pot.png-atlas
[00:10:14] [Render thread/INFO] (Minecraft) Created: 2048x1024x0 minecraft:textures/atlas/armor_trims.png-atlas
[00:10:14] [Render thread/INFO] (Minecraft) Created: 512x256x0 minecraft:textures/atlas/paintings.png-atlas
[00:10:14] [Render thread/INFO] (Minecraft) Created: 1024x512x0 minecraft:textures/atlas/shield_patterns.png-atlas
[00:10:14] [Render thread/INFO] (Minecraft) Created: 2048x2048x4 minecraft:textures/atlas/blocks.png-atlas
[00:10:14] [Render thread/INFO] (Minecraft) Created: 512x512x0 minecraft:textures/atlas/chest.png-atlas
[00:10:14] [Render thread/INFO] (Minecraft) Created: 256x128x0 minecraft:textures/atlas/celestials.png-atlas
[00:10:14] [Render thread/INFO] (Minecraft) Created: 1024x512x0 minecraft:textures/atlas/banner_patterns.png-atlas
[00:10:14] [Render thread/INFO] (Minecraft) Created: 512x512x0 minecraft:textures/atlas/beds.png-atlas
[00:10:14] [Render thread/INFO] (Minecraft) Created: 1024x512x0 minecraft:textures/atlas/items.png-atlas
[00:10:14] [Render thread/INFO] (Minecraft) Created: 1024x1024x0 minecraft:textures/atlas/gui.png-atlas
[00:10:14] [Render thread/INFO] (Minecraft) Created: 128x64x0 minecraft:textures/atlas/map_decorations.png-atlas
[00:10:14] [Render thread/INFO] (Minecraft) Created: 512x256x0 minecraft:textures/atlas/signs.png-atlas
[00:10:14] [Render thread/INFO] (Minecraft) Created: 512x512x0 minecraft:textures/atlas/shulker_boxes.png-atlas
[00:10:14] [Render thread/INFO] (Minecraft) Created: 256x256x0 jei:textures/atlas/gui.png-atlas
[00:10:14] [IO-Worker-1/INFO] (Minecraft) Could not authorize you against Realms server: java.lang.RuntimeException: Failed to parse into SignedJWT: FabricMC
[00:10:14] [IO-Worker-1/ERROR] (Minecraft) Couldn't connect to realms
com.mojang.realmsclient.exception.RealmsServiceException: Realms authentication error with message 'java.lang.RuntimeException: Failed to parse into SignedJWT: FabricMC'
	at knot//com.mojang.realmsclient.client.RealmsClient.execute(RealmsClient.java:526)
	at knot//com.mojang.realmsclient.client.RealmsClient.clientCompatible(RealmsClient.java:307)
	at knot//com.mojang.realmsclient.RealmsAvailability.lambda$check$0(RealmsAvailability.java:48)
	at java.base/java.util.concurrent.CompletableFuture$AsyncSupply.run(CompletableFuture.java:1789)
	at java.base/java.util.concurrent.ThreadPoolExecutor.runWorker(ThreadPoolExecutor.java:1090)
	at java.base/java.util.concurrent.ThreadPoolExecutor$Worker.run(ThreadPoolExecutor.java:614)
	at java.base/java.lang.Thread.run(Thread.java:1474)
[00:10:19] [Render thread/INFO] (Minecraft) Loaded 1935 recipes
[00:10:19] [Render thread/INFO] (Minecraft) Loaded 1728 advancements
[00:10:19] [Render thread/INFO] (ClientLifecycleHandler) Stopping JEI
[00:10:19] [Render thread/INFO] (JeiStarter) Stopping JEI
[00:10:19] [Render thread/INFO] (PluginCaller) Sending Runtime Unavailable...
[00:10:19] [Render thread/INFO] (FabricGuiPlugin) Stopping JEI GUI
[00:10:19] [Render thread/INFO] (PluginCaller) Sending Runtime Unavailable took 248.2 microseconds
[00:10:19] [Render thread/INFO] (BiomeModificationImpl) Applied 0 biome modifications to 0 of 65 new biomes in 610.3 μs
[00:10:19] [Server thread/INFO] (Minecraft) Starting integrated minecraft server version 26.1.2
[00:10:19] [Server thread/INFO] (Minecraft) Generating keypair
[00:10:19] [Server thread/INFO] (Minecraft) Loading 0 persistent chunks...
[00:10:19] [Server thread/INFO] (Minecraft) Saving chunks for level 'ServerLevel[New World]'/minecraft:overworld
[00:10:19] [Server thread/INFO] (Minecraft) Saving chunks for level 'ServerLevel[New World]'/minecraft:the_nether
[00:10:19] [Server thread/INFO] (Minecraft) Saving chunks for level 'ServerLevel[New World]'/minecraft:the_end
[00:10:19] [Server thread/INFO] (Minecraft) ThreadedAnvilChunkStorage (world): All chunks are saved
[00:10:19] [Server thread/INFO] (Minecraft) ThreadedAnvilChunkStorage (DIM-1): All chunks are saved
[00:10:19] [Server thread/INFO] (Minecraft) ThreadedAnvilChunkStorage (DIM1): All chunks are saved
[00:10:19] [Server thread/INFO] (Minecraft) ThreadedAnvilChunkStorage: All dimensions are saved
[00:10:19] [Server thread/WARN] (TranslationConventionLogWarnings) 
	Dev warning - Untranslated Item Tags detected. Please translate your item tags so other mods such as recipe viewers can properly display your tag's name.
	The format desired is tag.item.<namespace>.<path> for the translation key with slashes in path turned into periods.
	To disable this message, set this system property in your runs: `-Dfabric-tag-conventions-v2.missingTagTranslationWarning=SILENCED`.
	To see individual untranslated item tags found, set the system property to `-Dfabric-tag-conventions-v2.missingTagTranslationWarning=VERBOSE`.
	Default is `SHORT`.

[00:10:20] [Server thread/INFO] (Minecraft) Loading 49 chunks for player spawn...
[00:10:20] [Server thread/INFO] (Minecraft) Preparing spawn area: 16%
[00:10:20] [Server thread/INFO] (Minecraft) Preparing spawn area: 16%
[00:10:20] [Server thread/INFO] (Minecraft) Time elapsed: 763 ms
[00:10:20] [Server thread/INFO] (Minecraft) Player827[local:E:1973190f] logged in with entity id 92 at (-15.801892626357048, 81.0, 3.1755072101873196)
[00:10:20] [Server thread/INFO] (Minecraft) Player827 joined the game
[00:10:20] [Render thread/INFO] (Minecraft) [STDOUT]: [CraftingCompass] Loaded list (5 entries, 0 completed items, 0 completed tags) from C:\dev\craftingcompass\fabric\run\craftingcompass\sp\New_World.json
[00:10:20] [Render thread/INFO] (LoggedTimer) Starting JEI...
[00:10:20] [Render thread/INFO] (PluginCaller) Registering item subtypes...
[00:10:20] [Render thread/INFO] (PluginCaller) Registering item subtypes took 1.648 milliseconds
[00:10:20] [Render thread/INFO] (PluginCaller) Registering fluid subtypes...
[00:10:20] [Render thread/INFO] (PluginCaller) Registering fluid subtypes took 707.8 microseconds
[00:10:20] [Render thread/INFO] (PluginCaller) Registering ingredients...
[00:10:20] [Server thread/INFO] (Minecraft) Changing view distance to 16, from 10
[00:10:20] [Server thread/INFO] (Minecraft) Changing simulation distance to 12, from 0
[00:10:20] [Render thread/WARN] (ItemStackListFactory) 4 duplicate items were found in 'Refined Storage' creative tab's: displayItems
This may indicate that these types of item need a subtype interpreter added to JEI:
[refinedstorage:portable_grid, refinedstorage:wireless_grid, refinedstorage:controller, refinedstorage:wireless_autocrafting_monitor]
[00:10:20] [Render thread/WARN] (ItemStackListFactory) 15 duplicate items were found in 'Refined Storage (colorized)' creative tab's: displayItems
This may indicate that these types of item need a subtype interpreter added to JEI:
[refinedstorage:red_controller, refinedstorage:magenta_controller, refinedstorage:brown_controller, refinedstorage:purple_controller, refinedstorage:yellow_controller, refinedstorage:light_gray_controller, refinedstorage:blue_controller, refinedstorage:black_controller, refinedstorage:pink_controller, refinedstorage:green_controller, refinedstorage:white_controller, refinedstorage:orange_controller, refinedstorage:gray_controller, refinedstorage:cyan_controller, refinedstorage:lime_controller]
[00:10:20] [Render thread/INFO] (PluginCallerTimerRunnable) Registering ingredients: jei:minecraft took 58.80 milliseconds
[00:10:20] [Render thread/INFO] (PluginCaller) Registering ingredients took 59.19 milliseconds
[00:10:20] [Render thread/INFO] (PluginCaller) Registering extra ingredients...
[00:10:20] [Render thread/INFO] (PluginCaller) Registering extra ingredients took 150.5 microseconds
[00:10:20] [Render thread/INFO] (PluginCaller) Registering search ingredient aliases...
[00:10:20] [Render thread/INFO] (PluginCaller) Registering search ingredient aliases took 244.7 microseconds
[00:10:20] [Render thread/INFO] (PluginCaller) Registering Mod Info...
[00:10:20] [Render thread/INFO] (PluginCaller) Registering Mod Info took 274.8 microseconds
[00:10:20] [Render thread/INFO] (PluginCaller) Registering categories...
[00:10:20] [Render thread/INFO] (PluginCaller) Registering categories took 10.86 milliseconds
[00:10:20] [Render thread/INFO] (PluginCaller) Registering vanilla category extensions...
[00:10:20] [Render thread/INFO] (PluginCaller) Registering vanilla category extensions took 1.134 milliseconds
[00:10:20] [Render thread/INFO] (PluginCaller) Registering recipe catalysts...
[00:10:20] [Render thread/INFO] (PluginCaller) Registering recipe catalysts took 309.3 microseconds
[00:10:20] [Render thread/INFO] (LoggedTimer) Building recipe registry...
[00:10:20] [Render thread/INFO] (LoggedTimer) Building recipe registry took 7.009 milliseconds
[00:10:20] [Render thread/INFO] (PluginCaller) Registering advanced plugins...
[00:10:20] [Render thread/INFO] (PluginCaller) Registering advanced plugins took 122.4 microseconds
[00:10:20] [Render thread/INFO] (PluginCaller) Registering recipes...
[00:10:20] [Render thread/INFO] (PluginCallerTimerRunnable) Registering recipes: jei:minecraft took 141.9 milliseconds
[00:10:20] [Render thread/INFO] (PluginCaller) Registering recipes took 150.6 milliseconds
[00:10:20] [Render thread/INFO] (PluginCaller) Registering recipes transfer handlers...
[00:10:20] [Render thread/INFO] (PluginCaller) Registering recipes transfer handlers took 1.106 milliseconds
[00:10:20] [Render thread/INFO] (LoggedTimer) Building runtime...
[00:10:20] [Render thread/INFO] (PluginCaller) Registering gui handlers...
[00:10:20] [Render thread/INFO] (PluginCaller) Registering gui handlers took 2.668 milliseconds
[00:10:20] [Render thread/INFO] (PluginCaller) Registering Runtime...
[00:10:20] [Render thread/INFO] (JeiGuiStarter) Starting JEI GUI
[00:10:20] [Render thread/INFO] (LoggedTimer) Building ingredient list...
[00:10:20] [Render thread/INFO] (LoggedTimer) Building ingredient list took 12.21 milliseconds
[00:10:20] [Render thread/INFO] (LoggedTimer) Building ingredient filter...
[00:10:20] [Render thread/INFO] (IngredientFilter) Adding 2269 ingredients
[00:10:21] [Render thread/INFO] (IngredientFilter) Added 2269 ingredients
[00:10:21] [Render thread/INFO] (LoggedTimer) Building ingredient filter took 136.3 milliseconds
[00:10:21] [Render thread/INFO] (PluginCallerTimerRunnable) Registering Runtime: jei:fabric_gui took 200.5 milliseconds
[00:10:21] [Render thread/INFO] (PluginCaller) Registering Runtime took 201.0 milliseconds
[00:10:21] [Render thread/INFO] (LoggedTimer) Building runtime took 209.7 milliseconds
[00:10:21] [Render thread/INFO] (PluginCaller) Sending Runtime...
[00:10:21] [Render thread/INFO] (Minecraft) [STDOUT]: [CraftingCompass] Building recipe index in background...
[00:10:21] [Render thread/INFO] (PluginCaller) Sending Runtime took 2.878 milliseconds
[00:10:21] [Render thread/INFO] (LoggedTimer) Starting JEI took 475.8 milliseconds
[00:10:21] [CraftingCompass-IndexBuilder/INFO] (Minecraft) [STDOUT]: [CraftingCompass CAT] minecraft:crafting (1166 recipes) indexing
[00:10:21] [Render thread/INFO] (Minecraft) Loaded 2 advancements
[00:10:21] [CraftingCompass-IndexBuilder/INFO] (Minecraft) [STDOUT]: [CraftingCompass CAT] minecraft:anvil (789 recipes) SKIPPED
[00:10:21] [CraftingCompass-IndexBuilder/INFO] (Minecraft) [STDOUT]: [CraftingCompass CAT] minecraft:blasting (25 recipes) indexing
[00:10:21] [CraftingCompass-IndexBuilder/INFO] (Minecraft) [STDOUT]: [CraftingCompass CAT] minecraft:blasting_fuel (280 recipes) SKIPPED
[00:10:21] [CraftingCompass-IndexBuilder/INFO] (Minecraft) [STDOUT]: [CraftingCompass CAT] minecraft:brewing (248 recipes) SKIPPED
[00:10:21] [CraftingCompass-IndexBuilder/INFO] (Minecraft) [STDOUT]: [CraftingCompass CAT] minecraft:campfire_cooking (9 recipes) indexing
[00:10:21] [CraftingCompass-IndexBuilder/INFO] (Minecraft) [STDOUT]: [CraftingCompass CAT] minecraft:compostable (115 recipes) SKIPPED
[00:10:21] [CraftingCompass-IndexBuilder/INFO] (Minecraft) [STDOUT]: [CraftingCompass CAT] minecraft:grindstone (1842 recipes) indexing
[00:10:21] [CraftingCompass-IndexBuilder/INFO] (Minecraft) [STDOUT]: [CraftingCompass CAT] minecraft:smelting (77 recipes) indexing
[00:10:21] [CraftingCompass-IndexBuilder/INFO] (Minecraft) [STDOUT]: [CraftingCompass CAT] minecraft:smelting_fuel (280 recipes) SKIPPED
[00:10:21] [CraftingCompass-IndexBuilder/INFO] (Minecraft) [STDOUT]: [CraftingCompass CAT] minecraft:smithing (30 recipes) indexing
[00:10:21] [Render thread/INFO] (Minecraft) Resizing Dynamic Transforms UBO, capacity limit of 2 reached during a single frame. New capacity will be 4.
[00:10:21] [CraftingCompass-IndexBuilder/INFO] (Minecraft) [STDOUT]: [CraftingCompass CAT] minecraft:smoking (9 recipes) indexing
[00:10:21] [CraftingCompass-IndexBuilder/INFO] (Minecraft) [STDOUT]: [CraftingCompass CAT] minecraft:smoking_fuel (280 recipes) SKIPPED
[00:10:21] [CraftingCompass-IndexBuilder/INFO] (Minecraft) [STDOUT]: [CraftingCompass CAT] minecraft:stonecutting (275 recipes) indexing
[00:10:21] [CraftingCompass-IndexBuilder/INFO] (Minecraft) [STDOUT]: [CraftingCompass CAT] minecraft:tag_recipes/block (361 recipes) SKIPPED
[00:10:21] [CraftingCompass-IndexBuilder/INFO] (Minecraft) [STDOUT]: [CraftingCompass CAT] minecraft:tag_recipes/fluid (8 recipes) SKIPPED
[00:10:21] [CraftingCompass-IndexBuilder/INFO] (Minecraft) [STDOUT]: [CraftingCompass CAT] minecraft:tag_recipes/item (488 recipes) SKIPPED
[00:10:21] [CraftingCompass-IndexBuilder/INFO] (Minecraft) [STDOUT]: [CC QEI-INDEX] QEI has 1 indexed recipes
[00:10:21] [CraftingCompass-IndexBuilder/INFO] (Minecraft) [STDOUT]:   CRAFTING inputs=2 out=4
[00:10:21] [CraftingCompass-IndexBuilder/INFO] (Minecraft) [STDOUT]:     Single[item=minecraft:iron_ingot, count=3]
[00:10:21] [CraftingCompass-IndexBuilder/INFO] (Minecraft) [STDOUT]:     Single[item=minecraft:quartz, count=1]
[00:10:21] [CraftingCompass-IndexBuilder/INFO] (Minecraft) [STDOUT]: [CC SILICON-INDEX] silicon has 1 indexed recipes
[00:10:21] [CraftingCompass-IndexBuilder/INFO] (Minecraft) [STDOUT]:   SMELTING inputs=1 out=1
[00:10:21] [CraftingCompass-IndexBuilder/INFO] (Minecraft) [STDOUT]:     Single[item=minecraft:quartz, count=1]
[00:10:21] [CraftingCompass-IndexBuilder/INFO] (Minecraft) [STDOUT]: [CraftingCompass] Recipe index built: 1391 recipes across 959 output items in 105ms.
[00:10:21] [Render thread/INFO] (Minecraft) Resizing Dynamic Transforms UBO, capacity limit of 4 reached during a single frame. New capacity will be 8.
[00:10:21] [Render thread/INFO] (Minecraft) Resizing Chunk Sections UBO, capacity limit of 2 reached during a single frame. New capacity will be 8.
[00:10:21] [Render thread/INFO] (Minecraft) Resizing Chunk Sections UBO, capacity limit of 8 reached during a single frame. New capacity will be 16.
[00:10:21] [Render thread/INFO] (Minecraft) Resizing Chunk Sections UBO, capacity limit of 16 reached during a single frame. New capacity will be 32.
[00:10:21] [Render thread/INFO] (Minecraft) Resizing Chunk Sections UBO, capacity limit of 32 reached during a single frame. New capacity will be 64.
[00:10:21] [Render thread/INFO] (Minecraft) Resizing Chunk Sections UBO, capacity limit of 64 reached during a single frame. New capacity will be 128.
[00:10:21] [Render thread/INFO] (Minecraft) Resizing Chunk Sections UBO, capacity limit of 128 reached during a single frame. New capacity will be 256.
[00:10:21] [Render thread/INFO] (Minecraft) Resizing Chunk Sections UBO, capacity limit of 256 reached during a single frame. New capacity will be 512.
[00:10:22] [Render thread/INFO] (Minecraft) [STDOUT]: [CraftingCompass] Sidebar -> LIST
[00:10:22] [Render thread/INFO] (Minecraft) Resizing Chunk Sections UBO, capacity limit of 512 reached during a single frame. New capacity will be 1024.
[00:10:25] [Render thread/INFO] (Minecraft) Resizing Dynamic Transforms UBO, capacity limit of 8 reached during a single frame. New capacity will be 16.
[00:10:28] [Render thread/INFO] (Minecraft) [STDOUT]: [CraftingCompass] Added 64x minecraft:pale_oak_planks to list (total: 64)
[00:10:28] [CraftingCompass-Resolver/INFO] (Minecraft) [STDOUT]: [CraftingCompass] === Shopping list for [Pale Oak Planks] x1 ===
[00:10:28] [CraftingCompass-Resolver/INFO] (Minecraft) [STDOUT]:   minecraft:pale_oak_planks: need 1, have 0, missing 1
[00:10:36] [Render thread/INFO] (Minecraft) [STDOUT]: [CraftingCompass] Added 1x minecraft:cherry_trapdoor to list (total: 1)
[00:10:36] [CraftingCompass-Resolver/INFO] (Minecraft) [STDOUT]: [CraftingCompass] === Shopping list for [Cherry Trapdoor] x1 ===
[00:10:36] [CraftingCompass-Resolver/INFO] (Minecraft) [STDOUT]:   minecraft:cherry_planks: need 6, have 0, missing 6
[00:10:36] [Render thread/INFO] (Minecraft) [STDOUT]: [CraftingCompass] Added 1x minecraft:cherry_trapdoor to list (total: 2)
[00:10:36] [CraftingCompass-Resolver/INFO] (Minecraft) [STDOUT]: [CraftingCompass] === Shopping list for [Cherry Trapdoor] x1 ===
[00:10:36] [CraftingCompass-Resolver/INFO] (Minecraft) [STDOUT]:   minecraft:cherry_planks: need 6, have 0, missing 6
[00:10:40] [Render thread/WARN] (Minecraft) Too many items (167) in UI, some will be skipped! (Reached maximum texture size 512x512)
[00:10:43] [Render thread/INFO] (Minecraft) [STDOUT]: [CraftingCompass] Added 1x refinedstorage:controller to list (total: 1)
[00:10:43] [CraftingCompass-Aggregate/INFO] (Minecraft) [STDOUT]: [CC SELECT] refinedstorage:quartz_enriched_iron has 1 candidate recipes:
[00:10:43] [CraftingCompass-Resolver/INFO] (Minecraft) [STDOUT]: [CC SELECT] refinedstorage:quartz_enriched_iron has 1 candidate recipes:
[00:10:43] [CraftingCompass-Resolver/INFO] (Minecraft) [STDOUT]:   kind=CRAFTING inputs=2 totalCount=4 out=4
[00:10:43] [CraftingCompass-Aggregate/INFO] (Minecraft) [STDOUT]:   kind=CRAFTING inputs=2 totalCount=4 out=4
[00:10:43] [CraftingCompass-Aggregate/INFO] (Minecraft) [STDOUT]:     Single[item=minecraft:iron_ingot, count=3]
[00:10:43] [CraftingCompass-Resolver/INFO] (Minecraft) [STDOUT]:     Single[item=minecraft:iron_ingot, count=3]
[00:10:43] [CraftingCompass-Aggregate/INFO] (Minecraft) [STDOUT]:     Single[item=minecraft:quartz, count=1]
[00:10:43] [CraftingCompass-Resolver/INFO] (Minecraft) [STDOUT]:     Single[item=minecraft:quartz, count=1]
[00:10:43] [CraftingCompass-Aggregate/INFO] (Minecraft) [STDOUT]: [CC SELECT] -> picked: kind=CRAFTING inputs=2 out=4
[00:10:43] [CraftingCompass-Resolver/INFO] (Minecraft) [STDOUT]: [CC SELECT] -> picked: kind=CRAFTING inputs=2 out=4
[00:10:43] [CraftingCompass-Resolver/INFO] (Minecraft) [STDOUT]: [CraftingCompass] === Shopping list for [Controller] x1 ===
[00:10:43] [CraftingCompass-Resolver/INFO] (Minecraft) [STDOUT]:   minecraft:iron_ingot: need 9, have 0, missing 9
[00:10:43] [CraftingCompass-Resolver/INFO] (Minecraft) [STDOUT]:   minecraft:quartz: need 7, have 0, missing 7
[00:10:43] [CraftingCompass-Resolver/INFO] (Minecraft) [STDOUT]:   minecraft:diamond: need 1, have 0, missing 1
[00:10:43] [CraftingCompass-Resolver/INFO] (Minecraft) [STDOUT]:   minecraft:redstone: need 1, have 0, missing 1
[00:10:43] [CraftingCompass-Resolver/INFO] (Minecraft) [STDOUT]:   minecraft:string: need 2, have 0, missing 2
[00:10:43] [CraftingCompass-Resolver/INFO] (Minecraft) [STDOUT]:   minecraft:slime_ball: need 1, have 0, missing 1
[00:10:43] [CraftingCompass-Resolver/INFO] (Minecraft) [STDOUT]:   #c:stones: need 1 (tag — inventory check skipped)
[00:10:53] [Render thread/INFO] (Minecraft) Stopping!
[00:10:53] [Render thread/INFO] (ClientLifecycleHandler) Stopping JEI
[00:10:53] [Render thread/INFO] (JeiStarter) Stopping JEI
[00:10:53] [Render thread/INFO] (PluginCaller) Sending Runtime Unavailable...
[00:10:53] [Render thread/INFO] (FabricGuiPlugin) Stopping JEI GUI
[00:10:53] [Render thread/INFO] (PluginCaller) Sending Runtime Unavailable took 191.7 microseconds
[00:10:54] [Server thread/INFO] (Minecraft) Stopping server
[00:10:54] [Server thread/INFO] (Minecraft) Saving players
[00:10:54] [Server thread/INFO] (Minecraft) Player827 lost connection: Disconnected
[00:10:54] [Server thread/INFO] (Minecraft) Player827 left the game
[00:10:54] [Server thread/INFO] (Minecraft) Stopping singleplayer server as player logged out
[00:10:54] [Server thread/INFO] (Minecraft) Saving worlds
[00:10:54] [Server thread/INFO] (Minecraft) Saving chunks for level 'ServerLevel[New World]'/minecraft:overworld
[00:10:54] [Server thread/INFO] (Minecraft) Saving chunks for level 'ServerLevel[New World]'/minecraft:the_nether
[00:10:54] [Server thread/INFO] (Minecraft) Saving chunks for level 'ServerLevel[New World]'/minecraft:the_end
[00:10:54] [Server thread/INFO] (Minecraft) ThreadedAnvilChunkStorage (world): All chunks are saved
[00:10:54] [Server thread/INFO] (Minecraft) ThreadedAnvilChunkStorage (DIM-1): All chunks are saved
[00:10:54] [Server thread/INFO] (Minecraft) ThreadedAnvilChunkStorage (DIM1): All chunks are saved
[00:10:54] [Server thread/INFO] (Minecraft) ThreadedAnvilChunkStorage: All dimensions are saved
