[09May2026 01:54:15.329] [main/INFO] [net.neoforged.fml.startup.Entrypoint/]: JVM Uptime at startup: 122ms
[09May2026 01:54:15.338] [main/INFO] [net.neoforged.fml.loading.FMLLoader/]: Starting FancyModLoader version 11.0.12 (CLIENT in DEV)
[09May2026 01:54:15.338] [main/INFO] [net.neoforged.fml.loading.FMLLoader/]: Game directory: C:\dev\craftingcompass\neoforge\run\client
[09May2026 01:54:15.377] [main/INFO] [net.neoforged.fml.loading.EarlyServiceDiscovery/]: Found 2 early service jars (out of 113) in 19ms
[09May2026 01:54:15.377] [main/INFO] [net.neoforged.fml.loading.FMLLoader/]: Loading FML Early Services:
[09May2026 01:54:15.377] [main/INFO] [net.neoforged.fml.loading.FMLLoader/]:  - C:/Users/chris/.gradle/caches/modules-2/files-2.1/net.neoforged.fancymodloader/loader/11.0.12/d884bab13450950bcb425dbe29d33e505f7153e1/loader-11.0.12.jar
[09May2026 01:54:15.378] [main/INFO] [net.neoforged.fml.loading.FMLLoader/]:  - C:/Users/chris/.gradle/caches/modules-2/files-2.1/net.neoforged.fancymodloader/earlydisplay/11.0.12/b817db67b61923f071fa98947f92a054c8598dd1/earlydisplay-11.0.12.jar
[09May2026 01:54:15.381] [main/INFO] [net.neoforged.fml.loading.ImmediateWindowHandler/]: Loading ImmediateWindowProvider fmlearlywindow
[09May2026 01:54:15.729] [ForkJoinPool.commonPool-worker-19/INFO] [net.neoforged.fml.loading.moddiscovery.locators.GameLocator/]: Detected a joined NeoForge and Minecraft configuration. Applying filtering...
[09May2026 01:54:15.771] [fml-loadingscreen/INFO] [net.neoforged.fml.earlydisplay.render.LoadingScreenRenderer/]: GL info: NVIDIA GeForce RTX 4070 SUPER/PCIe/SSE2 GL version 3.3.0 NVIDIA 596.36, NVIDIA Corporation
[09May2026 01:54:15.777] [ForkJoinPool.commonPool-worker-19/INFO] [net.neoforged.fml.loading.moddiscovery.locators.InDevFolderLocator/CORE]: Got mod coordinates craftingcompass%%C:\\dev\\craftingcompass\\neoforge\\build\\classes\\java\\main;craftingcompass%%C:\\dev\\craftingcompass\\neoforge\\build\\resources\\main;craftingcompass%%C:\\dev\\craftingcompass\\common\\build\\classes\\java\\main;craftingcompass%%C:\\dev\\craftingcompass\\common\\build\\resources\\main from env
[09May2026 01:54:15.814] [ForkJoinPool.commonPool-worker-19/INFO] [net.neoforged.fml.loading.UniqueModListBuilder/]: Found 2 mod files for modid jei, selecting jei-26.1.2-neoforge-29.5.0.28.jar as it is the most recent based on version data:
	29.5.0.28 from jei-26.1.2-neoforge-29.5.0.28.jar
	29.5.0.27 from jei-26.1.2-neoforge-29.5.0.27.jar
[09May2026 01:54:15.860] [ForkJoinPool.commonPool-worker-19/INFO] [net.neoforged.fml.loading.moddiscovery.locators.JarInJarDependencyLocator/]: Found 2 dependencies adding them to mods collection
[09May2026 01:54:15.862] [ForkJoinPool.commonPool-worker-19/INFO] [net.neoforged.fml.loading.moddiscovery.ModDiscoverer/]: 
     Mod List:
		Name Version (Mod Id)

		Cloth Config v26.1 API 26.1.154 (cloth_config)
		CraftingCompass 0.0.0 (craftingcompass)
		GuideME 26.1.10-alpha (guideme)
		Just Enough Items 29.5.0.28 (jei)
		Minecraft 26.1.2 (minecraft)
		NeoForge 26.1.2.22-beta (neoforge)
		Powah 7.0.4-alpha (powah)
		Refined Storage 3.0.0-beta.8 (refinedstorage)
[09May2026 01:54:16.027] [main/INFO] [mixin/]: SpongePowered MIXIN Subsystem Version=0.8.7 Source=file:/C:/Users/chris/.gradle/caches/modules-2/files-2.1/net.fabricmc/sponge-mixin/0.17.3+mixin.0.8.7/41c4a3984a80f4679e759fb9f495587acc5cdac7/sponge-mixin-0.17.3+mixin.0.8.7.jar Service=FML Env=CLIENT
[09May2026 01:54:16.040] [main/INFO] [net.neoforged.fml.loading.FMLLoader/]: Loading FML Plugins:
[09May2026 01:54:16.040] [main/INFO] [net.neoforged.fml.loading.FMLLoader/]:  - C:/Users/chris/.gradle/caches/modules-2/files-2.1/net.neoforged/neoforge/26.1.2.22-beta/b19acc872dff9778fcd6f737df86f6739a26ae1c/neoforge-26.1.2.22-beta-universal.jar > net.neoforged.neoforge-coremods-26.1.2.22-beta.jar
[09May2026 01:54:16.091] [main/INFO] [net.neoforged.fml.loading.FMLLoader/]: Building game content classloader:
 - cloth_config (jar(mods/cloth-config-26.1.154.jar))
 - craftingcompass (composite(folder(C:/dev/craftingcompass/neoforge/build/classes/java/main), folder(C:/dev/craftingcompass/neoforge/build/resources/main), folder(C:/dev/craftingcompass/common/build/classes/java/main)))
 - guideme (jar(mods/guideme-26.1.10-alpha.jar))
 - jei (jar(mods/jei-26.1.2-neoforge-29.5.0.28.jar))
 - minecraft (composite(filtered(jar(C:/dev/craftingcompass/neoforge/build/moddev/artifacts/minecraft-patched-26.1.2.22-beta.jar)), filtered(jar(C:/dev/craftingcompass/neoforge/build/moddev/artifacts/minecraft-patched-26.1.2.22-beta.jar))))
 - mixinextras.neoforge (jar(C:/Users/chris/.gradle/caches/modules-2/files-2.1/net.neoforged/neoforge/26.1.2.22-beta/b19acc872dff9778fcd6f737df86f6739a26ae1c/neoforge-26.1.2.22-beta-universal.jar > mixinextras-neoforge-0.5.4.jar))
 - neoforge (composite(filtered(jar(C:/Users/chris/.gradle/caches/modules-2/files-2.1/net.neoforged/neoforge/26.1.2.22-beta/b19acc872dff9778fcd6f737df86f6739a26ae1c/neoforge-26.1.2.22-beta-universal.jar))))
 - net.neoforged.fml.generated (empty(VirtualJar/net.neoforged.fml.generated))
 - powah (jar(mods/Powah-7.0.4-alpha.jar))
 - refinedstorage (jar(mods/refinedstorage-neoforge-3.0.0-beta.8.jar))
[09May2026 01:54:16.099] [main/INFO] [net.neoforged.fml.loading.FMLLoader/]: Built game content classloader in 15ms
[09May2026 01:54:16.775] [Datafixer Bootstrap/INFO] [com.mojang.datafixers.DataFixerBuilder/]: 294 Datafixer optimizations took 160 milliseconds
[09May2026 01:54:16.806] [pool-13-thread-1/INFO] [MixinExtras|Service/]: Initializing MixinExtras via com.llamalad7.mixinextras.service.MixinExtrasServiceImpl(version=0.5.4).
[09May2026 01:54:19.079] [main/WARN] [net.minecraft.commands.Commands/]: Ambiguity between arguments [teleport, location] and [teleport, destination] with inputs: [0.1 -0.5 .9, 0 0 0]
[09May2026 01:54:19.080] [main/WARN] [net.minecraft.commands.Commands/]: Ambiguity between arguments [teleport, location] and [teleport, targets] with inputs: [0.1 -0.5 .9, 0 0 0]
[09May2026 01:54:19.081] [main/WARN] [net.minecraft.commands.Commands/]: Ambiguity between arguments [teleport, destination] and [teleport, targets] with inputs: [Player, 0123, @e, dd12be42-52a9-4a91-a8a1-11c01849e498]
[09May2026 01:54:19.082] [main/WARN] [net.minecraft.commands.Commands/]: Ambiguity between arguments [teleport, targets] and [teleport, destination] with inputs: [Player, 0123, dd12be42-52a9-4a91-a8a1-11c01849e498]
[09May2026 01:54:19.082] [main/WARN] [net.minecraft.commands.Commands/]: Ambiguity between arguments [teleport, targets, location] and [teleport, targets, destination] with inputs: [0.1 -0.5 .9, 0 0 0]
[09May2026 01:54:19.083] [main/WARN] [net.minecraft.commands.Commands/]: Ambiguity between arguments [time, set, time] and [time, set, timemarker] with inputs: [0, 0s, 0d, 0t]
[09May2026 01:54:19.084] [main/WARN] [net.minecraft.commands.Commands/]: Ambiguity between arguments [time, set, timemarker] and [time, set, time] with inputs: [012]
[09May2026 01:54:19.084] [main/WARN] [net.minecraft.commands.Commands/]: Ambiguity between arguments [time, of, clock, set, time] and [time, of, clock, set, timemarker] with inputs: [0, 0s, 0d, 0t]
[09May2026 01:54:19.085] [main/WARN] [net.minecraft.commands.Commands/]: Ambiguity between arguments [time, of, clock, set, timemarker] and [time, of, clock, set, time] with inputs: [012]
[09May2026 01:54:19.085] [main/WARN] [net.minecraft.commands.Commands/]: Ambiguity between arguments [waypoint, modify, waypoint, color, reset] and [waypoint, modify, waypoint, color, color] with inputs: [reset]
[09May2026 01:54:19.744] [modloading-worker-0/INFO] [net.neoforged.neoforge.common.NeoForgeMod/NEOFORGE-MOD]: NeoForge mod loading, version 26.1.2.22-beta, for MC 26.1.2
[09May2026 01:54:19.779] [modloading-worker-0/INFO] [mezz.jei.library.load.PluginCaller/]: Sending ConfigManager...
[09May2026 01:54:19.780] [modloading-worker-0/INFO] [mezz.jei.library.load.PluginCaller/]: Sending ConfigManager took 632.5 microseconds
[09May2026 01:54:20.184] [Render thread/INFO] [com.mojang.authlib.yggdrasil.YggdrasilAuthenticationService/]: Environment: Environment[sessionHost=https://sessionserver.mojang.com, servicesHost=https://api.minecraftservices.com, profilesHost=https://api.mojang.com, name=PROD]
[09May2026 01:54:20.196] [Render thread/INFO] [net.minecraft.client.Minecraft/]: Setting user: Dev
[09May2026 01:54:20.243] [Render thread/INFO] [net.minecraft.client.Minecraft/]: Backend library: LWJGL version 3.4.1+2
[09May2026 01:54:20.244] [Render thread/WARN] [net.minecraft.client.Minecraft/]: Detected unexpected shutdown during last game startup: resetting fullscreen mode
[09May2026 01:54:20.338] [Render thread/INFO] [net.minecraft.client.Minecraft/]: Using optional rendering extensions: GL_ARB_buffer_storage, GL_KHR_debug, GL_ARB_vertex_attrib_binding, GL_ARB_direct_state_access, GL_EXT_texture_filter_anisotropic
[09May2026 01:54:20.850] [Render thread/INFO] [net.minecraft.server.packs.resources.ReloadableResourceManager/]: Reloading ResourceManager: vanilla, mod_resources, mod/powah, mod/cloth_config, mod/refinedstorage, mod/guideme, mod/neoforge, mod/jei, mod/craftingcompass
[09May2026 01:54:20.905] [resourceLoad/INFO] [net.minecraft.client.gui.font.providers.UnihexProvider/]: Found unifont_pua-17.0.01.hex, loading
[09May2026 01:54:20.907] [resourceLoad/INFO] [net.minecraft.client.gui.font.providers.UnihexProvider/]: Found unifont_all_no_pua-17.0.01.hex, loading
[09May2026 01:54:21.004] [resourceLoad/INFO] [net.minecraft.client.gui.font.providers.UnihexProvider/]: Found unifont_jp_patch-17.0.01.hex, loading
[09May2026 01:54:21.092] [resourceLoad/WARN] [net.minecraft.client.renderer.texture.SpriteContents/]: Unused frames in sprite powah:item/charged_snowball: [1, 2, 3, 4, 16, 17, 18, 19]
[09May2026 01:54:21.107] [resourceLoad/WARN] [net.minecraft.client.renderer.texture.SpriteContents/]: Invalid frame index on sprite powah:item/ender_core frame 40: 3
[09May2026 01:54:21.107] [resourceLoad/WARN] [net.minecraft.client.renderer.texture.SpriteContents/]: Invalid frame index on sprite powah:item/ender_core frame 43: 3
[09May2026 01:54:21.107] [resourceLoad/WARN] [net.minecraft.client.renderer.texture.SpriteContents/]: Invalid frame index on sprite powah:item/ender_core frame 90: 5
[09May2026 01:54:21.107] [resourceLoad/WARN] [net.minecraft.client.renderer.texture.SpriteContents/]: Invalid frame index on sprite powah:item/ender_core frame 91: 5
[09May2026 01:54:21.107] [resourceLoad/WARN] [net.minecraft.client.renderer.texture.SpriteContents/]: Invalid frame index on sprite powah:item/ender_core frame 92: 5
[09May2026 01:54:21.107] [resourceLoad/WARN] [net.minecraft.client.renderer.texture.SpriteContents/]: Invalid frame index on sprite powah:item/ender_core frame 93: 5
[09May2026 01:54:21.108] [resourceLoad/WARN] [net.minecraft.client.renderer.texture.SpriteContents/]: Invalid frame index on sprite powah:item/ender_core frame 94: 6
[09May2026 01:54:21.108] [resourceLoad/WARN] [net.minecraft.client.renderer.texture.SpriteContents/]: Invalid frame index on sprite powah:item/ender_core frame 95: 6
[09May2026 01:54:21.108] [resourceLoad/WARN] [net.minecraft.client.renderer.texture.SpriteContents/]: Invalid frame index on sprite powah:item/ender_core frame 96: 6
[09May2026 01:54:21.108] [resourceLoad/WARN] [net.minecraft.client.renderer.texture.SpriteContents/]: Invalid frame index on sprite powah:item/ender_core frame 97: 6
[09May2026 01:54:21.108] [resourceLoad/WARN] [net.minecraft.client.renderer.texture.SpriteContents/]: Invalid frame index on sprite powah:item/ender_core frame 98: 6
[09May2026 01:54:21.108] [resourceLoad/WARN] [net.minecraft.client.renderer.texture.SpriteContents/]: Invalid frame index on sprite powah:item/ender_core frame 99: 5
[09May2026 01:54:21.108] [resourceLoad/WARN] [net.minecraft.client.renderer.texture.SpriteContents/]: Invalid frame index on sprite powah:item/ender_core frame 100: 5
[09May2026 01:54:21.108] [resourceLoad/WARN] [net.minecraft.client.renderer.texture.SpriteContents/]: Invalid frame index on sprite powah:item/ender_core frame 101: 5
[09May2026 01:54:21.108] [resourceLoad/WARN] [net.minecraft.client.renderer.texture.SpriteContents/]: Invalid frame index on sprite powah:item/ender_core frame 102: 5
[09May2026 01:54:21.108] [resourceLoad/WARN] [net.minecraft.client.renderer.texture.SpriteContents/]: Invalid frame index on sprite powah:item/ender_core frame 146: 8
[09May2026 01:54:21.108] [resourceLoad/WARN] [net.minecraft.client.renderer.texture.SpriteContents/]: Invalid frame index on sprite powah:item/ender_core frame 147: 8
[09May2026 01:54:21.108] [resourceLoad/WARN] [net.minecraft.client.renderer.texture.SpriteContents/]: Invalid frame index on sprite powah:item/ender_core frame 148: 8
[09May2026 01:54:21.108] [resourceLoad/WARN] [net.minecraft.client.renderer.texture.SpriteContents/]: Invalid frame index on sprite powah:item/ender_core frame 149: 8
[09May2026 01:54:21.108] [resourceLoad/WARN] [net.minecraft.client.renderer.texture.SpriteContents/]: Invalid frame index on sprite powah:item/ender_core frame 150: 8
[09May2026 01:54:21.108] [resourceLoad/WARN] [net.minecraft.client.renderer.texture.SpriteContents/]: Invalid frame index on sprite powah:item/ender_core frame 151: 8
[09May2026 01:54:21.109] [resourceLoad/WARN] [net.minecraft.client.renderer.texture.SpriteContents/]: Invalid frame index on sprite powah:item/ender_core frame 152: 8
[09May2026 01:54:21.109] [resourceLoad/WARN] [net.minecraft.client.renderer.texture.SpriteContents/]: Invalid frame index on sprite powah:item/ender_core frame 153: 8
[09May2026 01:54:21.109] [resourceLoad/WARN] [net.minecraft.client.renderer.texture.SpriteContents/]: Invalid frame index on sprite powah:item/ender_core frame 172: 5
[09May2026 01:54:21.109] [resourceLoad/WARN] [net.minecraft.client.renderer.texture.SpriteContents/]: Invalid frame index on sprite powah:item/ender_core frame 173: 5
[09May2026 01:54:21.109] [resourceLoad/WARN] [net.minecraft.client.renderer.texture.SpriteContents/]: Invalid frame index on sprite powah:item/ender_core frame 174: 5
[09May2026 01:54:21.109] [resourceLoad/WARN] [net.minecraft.client.renderer.texture.SpriteContents/]: Invalid frame index on sprite powah:item/ender_core frame 175: 5
[09May2026 01:54:21.109] [resourceLoad/WARN] [net.minecraft.client.renderer.texture.SpriteContents/]: Invalid frame index on sprite powah:item/ender_core frame 192: 8
[09May2026 01:54:21.109] [resourceLoad/WARN] [net.minecraft.client.renderer.texture.SpriteContents/]: Invalid frame index on sprite powah:item/ender_core frame 193: 8
[09May2026 01:54:21.109] [resourceLoad/WARN] [net.minecraft.client.renderer.texture.SpriteContents/]: Invalid frame index on sprite powah:item/ender_core frame 194: 8
[09May2026 01:54:21.109] [resourceLoad/WARN] [net.minecraft.client.renderer.texture.SpriteContents/]: Invalid frame index on sprite powah:item/ender_core frame 195: 8
[09May2026 01:54:21.483] [resourceLoad/WARN] [net.minecraft.client.resources.model.ModelManager/]: Missing texture references in model refinedstorage:block/disk/led/inactive:
    #base
[09May2026 01:54:21.525] [Render thread/WARN] [com.mojang.blaze3d.opengl.GlProgram/]: neoforge:pipeline/item_cutout_unlit shader program does not use sampler Sampler2 defined in the pipeline. This might be a bug.
[09May2026 01:54:21.533] [Render thread/WARN] [com.mojang.blaze3d.opengl.GlProgram/]: neoforge:pipeline/item_translucent_unlit shader program does not use sampler Sampler2 defined in the pipeline. This might be a bug.
[09May2026 01:54:21.554] [Render thread/INFO] [com.mojang.blaze3d.audio.Library/]: OpenAL initialized on device OpenAL Soft on Speakers (Realtek USB Audio)
[09May2026 01:54:21.556] [Render thread/INFO] [net.minecraft.client.sounds.SoundEngine/SOUNDS]: Sound engine started
[09May2026 01:54:21.556] [Render thread/INFO] [net.minecraft.client.renderer.texture.TextureAtlas/]: Created: 512x256x0 minecraft:textures/atlas/particles.png-atlas
[09May2026 01:54:21.565] [Render thread/INFO] [net.minecraft.client.renderer.texture.TextureAtlas/]: Created: 128x128x0 minecraft:textures/atlas/decorated_pot.png-atlas
[09May2026 01:54:21.567] [Render thread/INFO] [net.minecraft.client.renderer.texture.TextureAtlas/]: Created: 2048x1024x0 minecraft:textures/atlas/armor_trims.png-atlas
[09May2026 01:54:21.578] [Render thread/INFO] [net.minecraft.client.renderer.texture.TextureAtlas/]: Created: 512x256x0 minecraft:textures/atlas/paintings.png-atlas
[09May2026 01:54:21.589] [Render thread/INFO] [net.minecraft.client.renderer.texture.TextureAtlas/]: Created: 1024x512x0 minecraft:textures/atlas/shield_patterns.png-atlas
[09May2026 01:54:21.590] [Render thread/INFO] [net.minecraft.client.renderer.texture.TextureAtlas/]: Created: 4096x2048x4 minecraft:textures/atlas/blocks.png-atlas
[09May2026 01:54:21.649] [Render thread/INFO] [net.minecraft.client.renderer.texture.TextureAtlas/]: Created: 512x512x0 minecraft:textures/atlas/chest.png-atlas
[09May2026 01:54:21.680] [Render thread/INFO] [net.minecraft.client.renderer.texture.TextureAtlas/]: Created: 256x128x0 minecraft:textures/atlas/celestials.png-atlas
[09May2026 01:54:21.681] [Render thread/INFO] [net.minecraft.client.renderer.texture.TextureAtlas/]: Created: 1024x512x0 minecraft:textures/atlas/banner_patterns.png-atlas
[09May2026 01:54:21.681] [Render thread/INFO] [net.minecraft.client.renderer.texture.TextureAtlas/]: Created: 512x512x0 minecraft:textures/atlas/beds.png-atlas
[09May2026 01:54:21.682] [Render thread/INFO] [net.minecraft.client.renderer.texture.TextureAtlas/]: Created: 1024x512x0 minecraft:textures/atlas/items.png-atlas
[09May2026 01:54:21.690] [Render thread/INFO] [net.minecraft.client.renderer.texture.TextureAtlas/]: Created: 1024x1024x0 minecraft:textures/atlas/gui.png-atlas
[09May2026 01:54:21.699] [Render thread/INFO] [net.minecraft.client.renderer.texture.TextureAtlas/]: Created: 128x64x0 minecraft:textures/atlas/map_decorations.png-atlas
[09May2026 01:54:21.708] [Render thread/INFO] [net.minecraft.client.renderer.texture.TextureAtlas/]: Created: 512x256x0 minecraft:textures/atlas/signs.png-atlas
[09May2026 01:54:21.709] [Render thread/INFO] [net.minecraft.client.renderer.texture.TextureAtlas/]: Created: 512x512x0 minecraft:textures/atlas/shulker_boxes.png-atlas
[09May2026 01:54:21.766] [Render thread/INFO] [net.neoforged.neoforge.client.entity.animation.json.AnimationLoader/]: Loaded 0 entity animations
[09May2026 01:54:21.806] [Render thread/INFO] [guideme.internal.GuideReloadListener/]: Data driven guides: []
[09May2026 01:54:21.807] [Render thread/INFO] [net.minecraft.client.renderer.texture.TextureAtlas/]: Created: 256x256x0 jei:textures/atlas/gui.png-atlas
[09May2026 01:54:35.993] [Render thread/INFO] [net.minecraft.world.item.crafting.RecipeManager/]: Loaded 2105 recipes
[09May2026 01:54:36.000] [Render thread/INFO] [net.minecraft.advancements.AdvancementTree/]: Loaded 1885 advancements
[09May2026 01:54:36.001] [Render thread/INFO] [net.neoforged.neoforge.common.crafting.RecipePriorityManager/]: Loaded 0 recipe priority overrides
[09May2026 01:54:36.099] [Server thread/INFO] [net.minecraft.client.server.IntegratedServer/]: Starting integrated minecraft server version 26.1.2
[09May2026 01:54:36.100] [Server thread/INFO] [net.minecraft.server.MinecraftServer/]: Generating keypair
[09May2026 01:54:36.334] [Server thread/INFO] [net.minecraft.server.level.progress.LoggingLevelLoadListener/]: Loading 0 persistent chunks...
[09May2026 01:54:36.346] [Server thread/INFO] [net.minecraft.server.MinecraftServer/]: Saving chunks for level 'ServerLevel[New World]'/minecraft:overworld
[09May2026 01:54:36.383] [Server thread/INFO] [net.minecraft.server.MinecraftServer/]: Saving chunks for level 'ServerLevel[New World]'/minecraft:the_end
[09May2026 01:54:36.576] [Server thread/INFO] [net.minecraft.server.MinecraftServer/]: Saving chunks for level 'ServerLevel[New World]'/minecraft:the_nether
[09May2026 01:54:36.587] [Server thread/INFO] [net.minecraft.server.MinecraftServer/]: ThreadedAnvilChunkStorage (world): All chunks are saved
[09May2026 01:54:36.587] [Server thread/INFO] [net.minecraft.server.MinecraftServer/]: ThreadedAnvilChunkStorage (DIM1): All chunks are saved
[09May2026 01:54:36.587] [Server thread/INFO] [net.minecraft.server.MinecraftServer/]: ThreadedAnvilChunkStorage (DIM-1): All chunks are saved
[09May2026 01:54:36.587] [Server thread/INFO] [net.minecraft.server.MinecraftServer/]: ThreadedAnvilChunkStorage: All dimensions are saved
[09May2026 01:54:36.589] [Server thread/INFO] [net.neoforged.neoforge.server.permission.PermissionAPI/]: Successfully initialized permission handler neoforge:default_handler
[09May2026 01:54:36.855] [Server thread/INFO] [net.minecraft.server.level.progress.LoggingLevelLoadListener/]: Loading 49 chunks for player spawn...
[09May2026 01:54:36.855] [Server thread/INFO] [net.minecraft.server.level.progress.LoggingLevelLoadListener/]: Preparing spawn area: 16%
[09May2026 01:54:36.891] [Server thread/INFO] [net.minecraft.server.level.progress.LoggingLevelLoadListener/]: Preparing spawn area: 16%
[09May2026 01:54:37.052] [Server thread/INFO] [net.minecraft.server.level.progress.LoggingLevelLoadListener/]: Time elapsed: 718 ms
[09May2026 01:54:37.219] [Server thread/INFO] [net.minecraft.server.players.PlayerList/]: Dev[local:E:3bc3e6bf] logged in with entity id 73 at (113.4534192477766, 159.0, 54.71457000507818)
[09May2026 01:54:37.250] [Server thread/INFO] [net.minecraft.server.MinecraftServer/]: Dev joined the game
[09May2026 01:54:37.325] [Server thread/INFO] [net.minecraft.client.server.IntegratedServer/]: Changing view distance to 16, from 10
[09May2026 01:54:37.326] [Server thread/INFO] [net.minecraft.client.server.IntegratedServer/]: Changing simulation distance to 12, from 0
[09May2026 01:54:37.332] [Render thread/INFO] [mezz.jei.core.util.LoggedTimer/]: Starting JEI...
[09May2026 01:54:37.337] [Render thread/INFO] [mezz.jei.library.load.PluginCaller/]: Registering item subtypes...
[09May2026 01:54:37.338] [Render thread/INFO] [mezz.jei.library.load.PluginCaller/]: Registering item subtypes took 1.663 milliseconds
[09May2026 01:54:37.339] [Render thread/INFO] [mezz.jei.library.load.PluginCaller/]: Registering fluid subtypes...
[09May2026 01:54:37.339] [Render thread/INFO] [mezz.jei.library.load.PluginCaller/]: Registering fluid subtypes took 743.9 microseconds
[09May2026 01:54:37.340] [Render thread/INFO] [mezz.jei.library.load.PluginCaller/]: Registering ingredients...
[09May2026 01:54:37.387] [Render thread/WARN] [mezz.jei.library.plugins.vanilla.ingredients.ItemStackListFactory/]: 4 duplicate items were found in 'Refined Storage' creative tab's: displayItems
This may indicate that these types of item need a subtype interpreter added to JEI:
[refinedstorage:wireless_autocrafting_monitor, refinedstorage:portable_grid, refinedstorage:wireless_grid, refinedstorage:controller]
[09May2026 01:54:37.390] [Render thread/WARN] [mezz.jei.library.plugins.vanilla.ingredients.ItemStackListFactory/]: 15 duplicate items were found in 'Refined Storage (colorized)' creative tab's: displayItems
This may indicate that these types of item need a subtype interpreter added to JEI:
[refinedstorage:black_controller, refinedstorage:cyan_controller, refinedstorage:magenta_controller, refinedstorage:lime_controller, refinedstorage:pink_controller, refinedstorage:brown_controller, refinedstorage:white_controller, refinedstorage:red_controller, refinedstorage:blue_controller, refinedstorage:orange_controller, refinedstorage:gray_controller, refinedstorage:light_gray_controller, refinedstorage:yellow_controller, refinedstorage:purple_controller, refinedstorage:green_controller]
[09May2026 01:54:37.405] [Render thread/INFO] [mezz.jei.library.load.PluginCallerTimerRunnable/]: Registering ingredients: jei:minecraft took 65.03 milliseconds
[09May2026 01:54:37.405] [Render thread/INFO] [mezz.jei.library.load.PluginCaller/]: Registering ingredients took 65.46 milliseconds
[09May2026 01:54:37.405] [Render thread/INFO] [mezz.jei.library.load.PluginCaller/]: Registering extra ingredients...
[09May2026 01:54:37.405] [Render thread/INFO] [mezz.jei.library.load.PluginCaller/]: Registering extra ingredients took 133.5 microseconds
[09May2026 01:54:37.406] [Render thread/INFO] [mezz.jei.library.load.PluginCaller/]: Registering search ingredient aliases...
[09May2026 01:54:37.406] [Render thread/INFO] [mezz.jei.library.load.PluginCaller/]: Registering search ingredient aliases took 267.0 microseconds
[09May2026 01:54:37.413] [Render thread/INFO] [mezz.jei.library.load.PluginCaller/]: Registering Mod Info...
[09May2026 01:54:37.413] [Render thread/INFO] [mezz.jei.library.load.PluginCaller/]: Registering Mod Info took 152.2 microseconds
[09May2026 01:54:37.421] [Render thread/INFO] [mezz.jei.library.load.PluginCaller/]: Registering categories...
[09May2026 01:54:37.432] [Render thread/INFO] [mezz.jei.library.load.PluginCaller/]: Registering categories took 10.99 milliseconds
[09May2026 01:54:37.432] [Render thread/INFO] [mezz.jei.library.load.PluginCaller/]: Registering vanilla category extensions...
[09May2026 01:54:37.433] [Render thread/INFO] [mezz.jei.library.load.PluginCaller/]: Registering vanilla category extensions took 1.127 milliseconds
[09May2026 01:54:37.434] [Render thread/INFO] [mezz.jei.library.load.PluginCaller/]: Registering recipe catalysts...
[09May2026 01:54:37.434] [Render thread/INFO] [mezz.jei.library.load.PluginCaller/]: Registering recipe catalysts took 506.2 microseconds
[09May2026 01:54:37.434] [Render thread/INFO] [mezz.jei.core.util.LoggedTimer/]: Building recipe registry...
[09May2026 01:54:37.441] [Render thread/INFO] [mezz.jei.core.util.LoggedTimer/]: Building recipe registry took 6.650 milliseconds
[09May2026 01:54:37.442] [Render thread/INFO] [mezz.jei.library.load.PluginCaller/]: Registering advanced plugins...
[09May2026 01:54:37.443] [Render thread/INFO] [mezz.jei.library.load.PluginCaller/]: Registering advanced plugins took 116.9 microseconds
[09May2026 01:54:37.443] [Render thread/INFO] [mezz.jei.library.load.PluginCaller/]: Registering recipes...
[09May2026 01:54:37.595] [Render thread/INFO] [mezz.jei.library.load.PluginCallerTimerRunnable/]: Registering recipes: jei:minecraft took 152.0 milliseconds
[09May2026 01:54:37.609] [Render thread/INFO] [mezz.jei.library.load.PluginCallerTimerRunnable/]: Registering recipes: jei:internal took 12.28 milliseconds
[09May2026 01:54:37.609] [Render thread/INFO] [mezz.jei.library.load.PluginCaller/]: Registering recipes took 166.9 milliseconds
[09May2026 01:54:37.616] [Render thread/INFO] [mezz.jei.library.load.PluginCaller/]: Registering recipes transfer handlers...
[09May2026 01:54:37.617] [Render thread/INFO] [mezz.jei.library.load.PluginCaller/]: Registering recipes transfer handlers took 1.552 milliseconds
[09May2026 01:54:37.619] [Render thread/INFO] [mezz.jei.core.util.LoggedTimer/]: Building runtime...
[09May2026 01:54:37.622] [Render thread/INFO] [mezz.jei.library.load.PluginCaller/]: Registering gui handlers...
[09May2026 01:54:37.626] [Render thread/INFO] [mezz.jei.library.load.PluginCaller/]: Registering gui handlers took 4.201 milliseconds
[09May2026 01:54:37.628] [Render thread/INFO] [mezz.jei.library.load.PluginCaller/]: Registering Runtime...
[09May2026 01:54:37.629] [Render thread/INFO] [mezz.jei.gui.startup.JeiGuiStarter/]: Starting JEI GUI
[09May2026 01:54:37.629] [Render thread/INFO] [mezz.jei.core.util.LoggedTimer/]: Building ingredient list...
[09May2026 01:54:37.642] [Render thread/INFO] [mezz.jei.core.util.LoggedTimer/]: Building ingredient list took 13.44 milliseconds
[09May2026 01:54:37.643] [Render thread/INFO] [mezz.jei.core.util.LoggedTimer/]: Building ingredient filter...
[09May2026 01:54:37.657] [Render thread/INFO] [mezz.jei.gui.ingredients.IngredientFilter/]: Adding 2413 ingredients
[09May2026 01:54:37.796] [Render thread/INFO] [mezz.jei.gui.ingredients.IngredientFilter/]: Added 2413 ingredients
[09May2026 01:54:37.796] [Render thread/INFO] [mezz.jei.core.util.LoggedTimer/]: Building ingredient filter took 153.8 milliseconds
[09May2026 01:54:37.845] [Render thread/INFO] [mezz.jei.library.load.PluginCallerTimerRunnable/]: Registering Runtime: jei:neoforge_gui took 216.8 milliseconds
[09May2026 01:54:37.845] [Render thread/INFO] [mezz.jei.library.load.PluginCaller/]: Registering Runtime took 217.2 milliseconds
[09May2026 01:54:37.846] [Render thread/INFO] [mezz.jei.core.util.LoggedTimer/]: Building runtime took 225.9 milliseconds
[09May2026 01:54:37.846] [Render thread/INFO] [mezz.jei.library.load.PluginCaller/]: Sending Runtime...
[09May2026 01:54:37.847] [Render thread/INFO] [mezz.jei.library.load.PluginCaller/]: Sending Runtime took 1.514 milliseconds
[09May2026 01:54:37.847] [Render thread/INFO] [mezz.jei.core.util.LoggedTimer/]: Starting JEI took 515.7 milliseconds
[09May2026 01:54:37.859] [Render thread/WARN] [net.minecraft.client.multiplayer.ClientPacketListener/]: Ignoring chat session from Dev due to missing Services public key
[09May2026 01:54:37.861] [Render thread/INFO] [net.minecraft.advancements.AdvancementTree/]: Loaded 49 advancements
[09May2026 01:54:37.966] [Render thread/INFO] [net.minecraft.client.renderer.DynamicUniformStorage/]: Resizing Dynamic Transforms UBO, capacity limit of 2 reached during a single frame. New capacity will be 4.
[09May2026 01:54:38.114] [Render thread/INFO] [net.minecraft.client.renderer.DynamicUniformStorage/]: Resizing Dynamic Transforms UBO, capacity limit of 4 reached during a single frame. New capacity will be 8.
[09May2026 01:54:38.172] [Render thread/INFO] [net.minecraft.client.renderer.DynamicUniformStorage/]: Resizing Chunk Sections UBO, capacity limit of 2 reached during a single frame. New capacity will be 4.
[09May2026 01:54:38.202] [Render thread/INFO] [net.minecraft.client.renderer.DynamicUniformStorage/]: Resizing Chunk Sections UBO, capacity limit of 4 reached during a single frame. New capacity will be 8.
[09May2026 01:54:38.224] [Render thread/INFO] [net.minecraft.client.renderer.DynamicUniformStorage/]: Resizing Chunk Sections UBO, capacity limit of 8 reached during a single frame. New capacity will be 16.
[09May2026 01:54:38.259] [Render thread/INFO] [net.minecraft.client.renderer.DynamicUniformStorage/]: Resizing Chunk Sections UBO, capacity limit of 16 reached during a single frame. New capacity will be 64.
[09May2026 01:54:38.296] [Render thread/INFO] [net.minecraft.client.renderer.DynamicUniformStorage/]: Resizing Chunk Sections UBO, capacity limit of 64 reached during a single frame. New capacity will be 128.
[09May2026 01:54:38.394] [Render thread/INFO] [net.minecraft.client.renderer.DynamicUniformStorage/]: Resizing Chunk Sections UBO, capacity limit of 128 reached during a single frame. New capacity will be 256.
[09May2026 01:54:38.537] [Render thread/INFO] [net.minecraft.client.renderer.DynamicUniformStorage/]: Resizing Chunk Sections UBO, capacity limit of 256 reached during a single frame. New capacity will be 512.
[09May2026 01:54:38.713] [Render thread/INFO] [net.minecraft.client.renderer.DynamicUniformStorage/]: Resizing Chunk Sections UBO, capacity limit of 512 reached during a single frame. New capacity will be 1024.
[09May2026 01:54:39.473] [Render thread/INFO] [net.minecraft.client.renderer.DynamicUniformStorage/]: Resizing Chunk Sections UBO, capacity limit of 1024 reached during a single frame. New capacity will be 2048.
[09May2026 01:54:48.041] [Server thread/INFO] [net.minecraft.client.server.IntegratedServer/]: Saving and pausing game...
[09May2026 01:54:48.049] [Server thread/INFO] [net.minecraft.server.MinecraftServer/]: Saving chunks for level 'ServerLevel[New World]'/minecraft:overworld
[09May2026 01:54:48.061] [Server thread/INFO] [net.minecraft.server.MinecraftServer/]: Saving chunks for level 'ServerLevel[New World]'/minecraft:the_end
[09May2026 01:54:48.061] [Server thread/INFO] [net.minecraft.server.MinecraftServer/]: Saving chunks for level 'ServerLevel[New World]'/minecraft:the_nether
[09May2026 01:54:48.580] [Render thread/INFO] [mezz.jei.library.startup.JeiStarter/]: Stopping JEI
[09May2026 01:54:48.580] [Render thread/INFO] [mezz.jei.library.load.PluginCaller/]: Sending Runtime Unavailable...
[09May2026 01:54:48.581] [Render thread/INFO] [mezz.jei.neoforge.plugins.neoforge.NeoForgeGuiPlugin/]: Stopping JEI GUI
[09May2026 01:54:48.581] [Render thread/INFO] [mezz.jei.library.load.PluginCaller/]: Sending Runtime Unavailable took 1.253 milliseconds
[09May2026 01:54:48.591] [Server thread/INFO] [net.minecraft.server.MinecraftServer/]: Stopping server
[09May2026 01:54:48.591] [Server thread/INFO] [net.minecraft.server.MinecraftServer/]: Saving players
[09May2026 01:54:48.597] [Server thread/INFO] [net.minecraft.server.network.ServerGamePacketListenerImpl/]: Dev lost connection: Disconnected
[09May2026 01:54:48.597] [Server thread/INFO] [net.minecraft.server.MinecraftServer/]: Dev left the game
[09May2026 01:54:48.605] [Server thread/INFO] [net.minecraft.server.network.ServerCommonPacketListenerImpl/]: Stopping singleplayer server as player logged out
[09May2026 01:54:48.605] [Server thread/INFO] [net.minecraft.server.MinecraftServer/]: Saving worlds
[09May2026 01:54:48.692] [Server thread/INFO] [net.minecraft.server.MinecraftServer/]: Saving chunks for level 'ServerLevel[New World]'/minecraft:overworld
[09May2026 01:54:48.722] [Server thread/INFO] [net.minecraft.server.MinecraftServer/]: Saving chunks for level 'ServerLevel[New World]'/minecraft:the_end
[09May2026 01:54:48.725] [Server thread/INFO] [net.minecraft.server.MinecraftServer/]: Saving chunks for level 'ServerLevel[New World]'/minecraft:the_nether
[09May2026 01:54:48.730] [Server thread/INFO] [net.minecraft.server.MinecraftServer/]: ThreadedAnvilChunkStorage (world): All chunks are saved
[09May2026 01:54:48.730] [Server thread/INFO] [net.minecraft.server.MinecraftServer/]: ThreadedAnvilChunkStorage (DIM1): All chunks are saved
[09May2026 01:54:48.730] [Server thread/INFO] [net.minecraft.server.MinecraftServer/]: ThreadedAnvilChunkStorage (DIM-1): All chunks are saved
[09May2026 01:54:48.731] [Server thread/INFO] [net.minecraft.server.MinecraftServer/]: ThreadedAnvilChunkStorage: All dimensions are saved
[09May2026 01:55:00.312] [Render thread/WARN] [net.minecraft.server.MinecraftServer/]: Missing data pack tests
[09May2026 01:55:00.730] [Render thread/INFO] [net.minecraft.world.item.crafting.RecipeManager/]: Loaded 2105 recipes
[09May2026 01:55:00.733] [Render thread/INFO] [net.minecraft.advancements.AdvancementTree/]: Loaded 1885 advancements
[09May2026 01:55:00.734] [Render thread/INFO] [net.neoforged.neoforge.common.crafting.RecipePriorityManager/]: Loaded 0 recipe priority overrides
[09May2026 01:55:03.140] [Server thread/INFO] [net.minecraft.client.server.IntegratedServer/]: Starting integrated minecraft server version 26.1.2
[09May2026 01:55:03.140] [Server thread/INFO] [net.minecraft.server.MinecraftServer/]: Generating keypair
[09May2026 01:55:03.177] [Server thread/INFO] [net.minecraft.server.level.progress.LoggingLevelLoadListener/]: Selecting global world spawn...
[09May2026 01:55:04.118] [Server thread/INFO] [net.minecraft.server.level.progress.LoggingLevelLoadListener/]: Loading 0 persistent chunks...
[09May2026 01:55:04.118] [Server thread/INFO] [net.minecraft.server.level.progress.LoggingLevelLoadListener/]: Preparing spawn area: 16%
[09May2026 01:55:04.118] [Server thread/INFO] [net.minecraft.server.MinecraftServer/]: Saving chunks for level 'ServerLevel[New World]'/minecraft:overworld
[09May2026 01:55:04.124] [Server thread/INFO] [net.minecraft.server.MinecraftServer/]: Saving chunks for level 'ServerLevel[New World]'/minecraft:the_end
[09May2026 01:55:04.128] [Server thread/INFO] [net.minecraft.server.MinecraftServer/]: Saving chunks for level 'ServerLevel[New World]'/minecraft:the_nether
[09May2026 01:55:04.143] [Server thread/INFO] [net.minecraft.server.MinecraftServer/]: ThreadedAnvilChunkStorage (world): All chunks are saved
[09May2026 01:55:04.143] [Server thread/INFO] [net.minecraft.server.MinecraftServer/]: ThreadedAnvilChunkStorage (DIM1): All chunks are saved
[09May2026 01:55:04.143] [Server thread/INFO] [net.minecraft.server.MinecraftServer/]: ThreadedAnvilChunkStorage (DIM-1): All chunks are saved
[09May2026 01:55:04.143] [Server thread/INFO] [net.minecraft.server.MinecraftServer/]: ThreadedAnvilChunkStorage: All dimensions are saved
[09May2026 01:55:04.143] [Server thread/INFO] [net.neoforged.neoforge.server.permission.PermissionAPI/]: Successfully initialized permission handler neoforge:default_handler
[09May2026 01:55:04.347] [Server thread/INFO] [net.minecraft.server.level.progress.LoggingLevelLoadListener/]: Loading 48 chunks for player spawn...
[09May2026 01:55:04.347] [Server thread/INFO] [net.minecraft.server.level.progress.LoggingLevelLoadListener/]: Preparing spawn area: 16%
[09May2026 01:55:04.394] [Server thread/INFO] [net.minecraft.server.level.progress.LoggingLevelLoadListener/]: Preparing spawn area: 16%
[09May2026 01:55:04.694] [Server thread/INFO] [net.minecraft.server.level.progress.LoggingLevelLoadListener/]: Preparing spawn area: 16%
[09May2026 01:55:05.194] [Server thread/INFO] [net.minecraft.server.level.progress.LoggingLevelLoadListener/]: Preparing spawn area: 58%
[09May2026 01:55:05.394] [Server thread/INFO] [net.minecraft.server.level.progress.LoggingLevelLoadListener/]: Time elapsed: 2217 ms
[09May2026 01:55:05.450] [Server thread/INFO] [net.minecraft.server.players.PlayerList/]: Dev[local:E:d359f86c] logged in with entity id 461 at (9.5, 66.0, 34.5)
[09May2026 01:55:05.465] [Server thread/INFO] [net.minecraft.server.MinecraftServer/]: Dev joined the game
[09May2026 01:55:05.479] [Server thread/INFO] [net.minecraft.client.server.IntegratedServer/]: Changing view distance to 16, from 10
[09May2026 01:55:05.480] [Server thread/INFO] [net.minecraft.client.server.IntegratedServer/]: Changing simulation distance to 12, from 0
[09May2026 01:55:05.485] [Render thread/INFO] [mezz.jei.core.util.LoggedTimer/]: Starting JEI...
[09May2026 01:55:05.485] [Render thread/INFO] [mezz.jei.library.load.PluginCaller/]: Registering item subtypes...
[09May2026 01:55:05.485] [Render thread/INFO] [mezz.jei.library.load.PluginCaller/]: Registering item subtypes took 184.5 microseconds
[09May2026 01:55:05.485] [Render thread/INFO] [mezz.jei.library.load.PluginCaller/]: Registering fluid subtypes...
[09May2026 01:55:05.485] [Render thread/INFO] [mezz.jei.library.load.PluginCaller/]: Registering fluid subtypes took 95.10 microseconds
[09May2026 01:55:05.485] [Render thread/INFO] [mezz.jei.library.load.PluginCaller/]: Registering ingredients...
[09May2026 01:55:05.510] [Render thread/WARN] [mezz.jei.library.plugins.vanilla.ingredients.ItemStackListFactory/]: 4 duplicate items were found in 'Refined Storage' creative tab's: displayItems
This may indicate that these types of item need a subtype interpreter added to JEI:
[refinedstorage:wireless_autocrafting_monitor, refinedstorage:portable_grid, refinedstorage:wireless_grid, refinedstorage:controller]
[09May2026 01:55:05.511] [Render thread/WARN] [mezz.jei.library.plugins.vanilla.ingredients.ItemStackListFactory/]: 15 duplicate items were found in 'Refined Storage (colorized)' creative tab's: displayItems
This may indicate that these types of item need a subtype interpreter added to JEI:
[refinedstorage:black_controller, refinedstorage:cyan_controller, refinedstorage:magenta_controller, refinedstorage:lime_controller, refinedstorage:pink_controller, refinedstorage:brown_controller, refinedstorage:white_controller, refinedstorage:red_controller, refinedstorage:blue_controller, refinedstorage:orange_controller, refinedstorage:gray_controller, refinedstorage:light_gray_controller, refinedstorage:yellow_controller, refinedstorage:purple_controller, refinedstorage:green_controller]
[09May2026 01:55:05.521] [Render thread/INFO] [mezz.jei.library.load.PluginCallerTimerRunnable/]: Registering ingredients: jei:minecraft took 34.18 milliseconds
[09May2026 01:55:05.521] [Render thread/INFO] [mezz.jei.library.load.PluginCaller/]: Registering ingredients took 34.49 milliseconds
[09May2026 01:55:05.521] [Render thread/INFO] [mezz.jei.library.load.PluginCaller/]: Registering extra ingredients...
[09May2026 01:55:05.521] [Render thread/INFO] [mezz.jei.library.load.PluginCaller/]: Registering extra ingredients took 152.3 microseconds
[09May2026 01:55:05.521] [Render thread/INFO] [mezz.jei.library.load.PluginCaller/]: Registering search ingredient aliases...
[09May2026 01:55:05.521] [Render thread/INFO] [mezz.jei.library.load.PluginCaller/]: Registering search ingredient aliases took 139.4 microseconds
[09May2026 01:55:05.521] [Render thread/INFO] [mezz.jei.library.load.PluginCaller/]: Registering Mod Info...
[09May2026 01:55:05.522] [Render thread/INFO] [mezz.jei.library.load.PluginCaller/]: Registering Mod Info took 129.4 microseconds
[09May2026 01:55:05.522] [Render thread/INFO] [mezz.jei.library.load.PluginCaller/]: Registering categories...
[09May2026 01:55:05.523] [Render thread/INFO] [mezz.jei.library.load.PluginCaller/]: Registering categories took 1.337 milliseconds
[09May2026 01:55:05.523] [Render thread/INFO] [mezz.jei.library.load.PluginCaller/]: Registering vanilla category extensions...
[09May2026 01:55:05.523] [Render thread/INFO] [mezz.jei.library.load.PluginCaller/]: Registering vanilla category extensions took 140.9 microseconds
[09May2026 01:55:05.523] [Render thread/INFO] [mezz.jei.library.load.PluginCaller/]: Registering recipe catalysts...
[09May2026 01:55:05.524] [Render thread/INFO] [mezz.jei.library.load.PluginCaller/]: Registering recipe catalysts took 215.7 microseconds
[09May2026 01:55:05.524] [Render thread/INFO] [mezz.jei.core.util.LoggedTimer/]: Building recipe registry...
[09May2026 01:55:05.524] [Render thread/INFO] [mezz.jei.core.util.LoggedTimer/]: Building recipe registry took 403.9 microseconds
[09May2026 01:55:05.524] [Render thread/INFO] [mezz.jei.library.load.PluginCaller/]: Registering advanced plugins...
[09May2026 01:55:05.525] [Render thread/INFO] [mezz.jei.library.load.PluginCaller/]: Registering advanced plugins took 99.30 microseconds
[09May2026 01:55:05.525] [Render thread/INFO] [mezz.jei.library.load.PluginCaller/]: Registering recipes...
[09May2026 01:55:05.641] [Render thread/INFO] [mezz.jei.library.load.PluginCallerTimerRunnable/]: Registering recipes: jei:minecraft took 116.4 milliseconds
[09May2026 01:55:05.651] [Render thread/INFO] [mezz.jei.library.load.PluginCaller/]: Registering recipes took 125.6 milliseconds
[09May2026 01:55:05.652] [Render thread/INFO] [mezz.jei.library.load.PluginCaller/]: Registering recipes transfer handlers...
[09May2026 01:55:05.652] [Render thread/INFO] [mezz.jei.library.load.PluginCaller/]: Registering recipes transfer handlers took 154.1 microseconds
[09May2026 01:55:05.652] [Render thread/INFO] [mezz.jei.core.util.LoggedTimer/]: Building runtime...
[09May2026 01:55:05.652] [Render thread/INFO] [mezz.jei.library.load.PluginCaller/]: Registering gui handlers...
[09May2026 01:55:05.653] [Render thread/INFO] [mezz.jei.library.load.PluginCaller/]: Registering gui handlers took 159.9 microseconds
[09May2026 01:55:05.653] [Render thread/INFO] [mezz.jei.library.load.PluginCaller/]: Registering Runtime...
[09May2026 01:55:05.653] [Render thread/INFO] [mezz.jei.gui.startup.JeiGuiStarter/]: Starting JEI GUI
[09May2026 01:55:05.653] [Render thread/INFO] [mezz.jei.core.util.LoggedTimer/]: Building ingredient list...
[09May2026 01:55:05.661] [Render thread/INFO] [mezz.jei.core.util.LoggedTimer/]: Building ingredient list took 7.973 milliseconds
[09May2026 01:55:05.661] [Render thread/INFO] [mezz.jei.core.util.LoggedTimer/]: Building ingredient filter...
[09May2026 01:55:05.663] [Render thread/INFO] [mezz.jei.gui.ingredients.IngredientFilter/]: Adding 2413 ingredients
[09May2026 01:55:05.759] [Render thread/INFO] [mezz.jei.gui.ingredients.IngredientFilter/]: Added 2413 ingredients
[09May2026 01:55:05.759] [Render thread/INFO] [mezz.jei.core.util.LoggedTimer/]: Building ingredient filter took 96.97 milliseconds
[09May2026 01:55:05.775] [Render thread/INFO] [mezz.jei.library.load.PluginCallerTimerRunnable/]: Registering Runtime: jei:neoforge_gui took 121.6 milliseconds
[09May2026 01:55:05.775] [Render thread/INFO] [mezz.jei.library.load.PluginCaller/]: Registering Runtime took 122.0 milliseconds
[09May2026 01:55:05.775] [Render thread/INFO] [mezz.jei.core.util.LoggedTimer/]: Building runtime took 122.4 milliseconds
[09May2026 01:55:05.775] [Render thread/INFO] [mezz.jei.library.load.PluginCaller/]: Sending Runtime...
[09May2026 01:55:05.776] [Render thread/INFO] [mezz.jei.library.load.PluginCaller/]: Sending Runtime took 153.4 microseconds
[09May2026 01:55:05.776] [Render thread/INFO] [mezz.jei.core.util.LoggedTimer/]: Starting JEI took 290.0 milliseconds
[09May2026 01:55:05.781] [Render thread/WARN] [net.minecraft.client.multiplayer.ClientPacketListener/]: Ignoring chat session from Dev due to missing Services public key
[09May2026 01:55:05.782] [Render thread/INFO] [net.minecraft.advancements.AdvancementTree/]: Loaded 2 advancements
[09May2026 01:55:12.043] [Server thread/INFO] [net.minecraft.client.server.IntegratedServer/]: Saving and pausing game...
[09May2026 01:55:12.047] [Server thread/INFO] [net.minecraft.server.MinecraftServer/]: Saving chunks for level 'ServerLevel[New World]'/minecraft:overworld
[09May2026 01:55:12.052] [Server thread/INFO] [net.minecraft.server.MinecraftServer/]: Saving chunks for level 'ServerLevel[New World]'/minecraft:the_end
[09May2026 01:55:12.052] [Server thread/INFO] [net.minecraft.server.MinecraftServer/]: Saving chunks for level 'ServerLevel[New World]'/minecraft:the_nether
[09May2026 01:55:13.082] [Render thread/INFO] [mezz.jei.library.startup.JeiStarter/]: Stopping JEI
[09May2026 01:55:13.082] [Render thread/INFO] [mezz.jei.library.load.PluginCaller/]: Sending Runtime Unavailable...
[09May2026 01:55:13.082] [Render thread/INFO] [mezz.jei.neoforge.plugins.neoforge.NeoForgeGuiPlugin/]: Stopping JEI GUI
[09May2026 01:55:13.083] [Render thread/INFO] [mezz.jei.library.load.PluginCaller/]: Sending Runtime Unavailable took 1.418 milliseconds
[09May2026 01:55:13.094] [Server thread/INFO] [net.minecraft.server.MinecraftServer/]: Stopping server
[09May2026 01:55:13.094] [Server thread/INFO] [net.minecraft.server.MinecraftServer/]: Saving players
[09May2026 01:55:13.098] [Server thread/INFO] [net.minecraft.server.network.ServerGamePacketListenerImpl/]: Dev lost connection: Disconnected
[09May2026 01:55:13.098] [Server thread/INFO] [net.minecraft.server.MinecraftServer/]: Dev left the game
[09May2026 01:55:13.101] [Server thread/INFO] [net.minecraft.server.network.ServerCommonPacketListenerImpl/]: Stopping singleplayer server as player logged out
[09May2026 01:55:13.101] [Server thread/INFO] [net.minecraft.server.MinecraftServer/]: Saving worlds
[09May2026 01:55:13.235] [Server thread/INFO] [net.minecraft.server.MinecraftServer/]: Saving chunks for level 'ServerLevel[New World]'/minecraft:overworld
[09May2026 01:55:14.247] [Server thread/INFO] [net.minecraft.server.MinecraftServer/]: Saving chunks for level 'ServerLevel[New World]'/minecraft:the_end
[09May2026 01:55:14.249] [Server thread/INFO] [net.minecraft.server.MinecraftServer/]: Saving chunks for level 'ServerLevel[New World]'/minecraft:the_nether
[09May2026 01:55:14.255] [Server thread/INFO] [net.minecraft.server.MinecraftServer/]: ThreadedAnvilChunkStorage (world): All chunks are saved
[09May2026 01:55:14.255] [Server thread/INFO] [net.minecraft.server.MinecraftServer/]: ThreadedAnvilChunkStorage (DIM1): All chunks are saved
[09May2026 01:55:14.255] [Server thread/INFO] [net.minecraft.server.MinecraftServer/]: ThreadedAnvilChunkStorage (DIM-1): All chunks are saved
[09May2026 01:55:14.255] [Server thread/INFO] [net.minecraft.server.MinecraftServer/]: ThreadedAnvilChunkStorage: All dimensions are saved
[09May2026 01:56:19.471] [Render thread/INFO] [net.minecraft.world.item.crafting.RecipeManager/]: Loaded 2105 recipes
[09May2026 01:56:19.474] [Render thread/INFO] [net.minecraft.advancements.AdvancementTree/]: Loaded 1885 advancements
[09May2026 01:56:19.474] [Render thread/INFO] [net.neoforged.neoforge.common.crafting.RecipePriorityManager/]: Loaded 0 recipe priority overrides
[09May2026 01:56:19.497] [Server thread/INFO] [net.minecraft.client.server.IntegratedServer/]: Starting integrated minecraft server version 26.1.2
[09May2026 01:56:19.497] [Server thread/INFO] [net.minecraft.server.MinecraftServer/]: Generating keypair
[09May2026 01:56:19.532] [Server thread/INFO] [net.minecraft.server.level.progress.LoggingLevelLoadListener/]: Loading 0 persistent chunks...
[09May2026 01:56:19.545] [Server thread/INFO] [net.minecraft.server.MinecraftServer/]: Saving chunks for level 'ServerLevel[New World]'/minecraft:overworld
[09May2026 01:56:19.565] [Server thread/INFO] [net.minecraft.server.MinecraftServer/]: Saving chunks for level 'ServerLevel[New World]'/minecraft:the_end
[09May2026 01:56:19.595] [Server thread/INFO] [net.minecraft.server.MinecraftServer/]: Saving chunks for level 'ServerLevel[New World]'/minecraft:the_nether
[09May2026 01:56:19.616] [Server thread/INFO] [net.minecraft.server.MinecraftServer/]: ThreadedAnvilChunkStorage (world): All chunks are saved
[09May2026 01:56:19.617] [Server thread/INFO] [net.minecraft.server.MinecraftServer/]: ThreadedAnvilChunkStorage (DIM1): All chunks are saved
[09May2026 01:56:19.617] [Server thread/INFO] [net.minecraft.server.MinecraftServer/]: ThreadedAnvilChunkStorage (DIM-1): All chunks are saved
[09May2026 01:56:19.617] [Server thread/INFO] [net.minecraft.server.MinecraftServer/]: ThreadedAnvilChunkStorage: All dimensions are saved
[09May2026 01:56:19.617] [Server thread/INFO] [net.neoforged.neoforge.server.permission.PermissionAPI/]: Successfully initialized permission handler neoforge:default_handler
[09May2026 01:56:19.869] [Server thread/INFO] [net.minecraft.server.level.progress.LoggingLevelLoadListener/]: Loading 49 chunks for player spawn...
[09May2026 01:56:19.869] [Server thread/INFO] [net.minecraft.server.level.progress.LoggingLevelLoadListener/]: Preparing spawn area: 16%
[09May2026 01:56:19.918] [Server thread/INFO] [net.minecraft.server.level.progress.LoggingLevelLoadListener/]: Time elapsed: 386 ms
[09May2026 01:56:19.974] [Server thread/INFO] [net.minecraft.server.players.PlayerList/]: Dev[local:E:34744814] logged in with entity id 1434 at (12.455799026721364, 66.0, 35.79821632241152)
[09May2026 01:56:19.978] [Server thread/INFO] [net.minecraft.server.MinecraftServer/]: Dev joined the game
[09May2026 01:56:19.986] [Server thread/INFO] [net.minecraft.client.server.IntegratedServer/]: Changing view distance to 16, from 10
[09May2026 01:56:19.987] [Server thread/INFO] [net.minecraft.client.server.IntegratedServer/]: Changing simulation distance to 12, from 0
[09May2026 01:56:20.001] [Render thread/INFO] [mezz.jei.core.util.LoggedTimer/]: Starting JEI...
[09May2026 01:56:20.001] [Render thread/INFO] [mezz.jei.library.load.PluginCaller/]: Registering item subtypes...
[09May2026 01:56:20.001] [Render thread/INFO] [mezz.jei.library.load.PluginCaller/]: Registering item subtypes took 134.6 microseconds
[09May2026 01:56:20.001] [Render thread/INFO] [mezz.jei.library.load.PluginCaller/]: Registering fluid subtypes...
[09May2026 01:56:20.001] [Render thread/INFO] [mezz.jei.library.load.PluginCaller/]: Registering fluid subtypes took 87.60 microseconds
[09May2026 01:56:20.001] [Render thread/INFO] [mezz.jei.library.load.PluginCaller/]: Registering ingredients...
[09May2026 01:56:20.010] [Render thread/WARN] [mezz.jei.library.plugins.vanilla.ingredients.ItemStackListFactory/]: 4 duplicate items were found in 'Refined Storage' creative tab's: displayItems
This may indicate that these types of item need a subtype interpreter added to JEI:
[refinedstorage:wireless_autocrafting_monitor, refinedstorage:portable_grid, refinedstorage:wireless_grid, refinedstorage:controller]
[09May2026 01:56:20.011] [Render thread/WARN] [mezz.jei.library.plugins.vanilla.ingredients.ItemStackListFactory/]: 15 duplicate items were found in 'Refined Storage (colorized)' creative tab's: displayItems
This may indicate that these types of item need a subtype interpreter added to JEI:
[refinedstorage:black_controller, refinedstorage:cyan_controller, refinedstorage:magenta_controller, refinedstorage:lime_controller, refinedstorage:pink_controller, refinedstorage:brown_controller, refinedstorage:white_controller, refinedstorage:red_controller, refinedstorage:blue_controller, refinedstorage:orange_controller, refinedstorage:gray_controller, refinedstorage:light_gray_controller, refinedstorage:yellow_controller, refinedstorage:purple_controller, refinedstorage:green_controller]
[09May2026 01:56:20.012] [Render thread/INFO] [mezz.jei.library.load.PluginCaller/]: Registering ingredients took 10.76 milliseconds
[09May2026 01:56:20.012] [Render thread/INFO] [mezz.jei.library.load.PluginCaller/]: Registering extra ingredients...
[09May2026 01:56:20.013] [Render thread/INFO] [mezz.jei.library.load.PluginCaller/]: Registering extra ingredients took 239.9 microseconds
[09May2026 01:56:20.013] [Render thread/INFO] [mezz.jei.library.load.PluginCaller/]: Registering search ingredient aliases...
[09May2026 01:56:20.013] [Render thread/INFO] [mezz.jei.library.load.PluginCaller/]: Registering search ingredient aliases took 238.1 microseconds
[09May2026 01:56:20.014] [Render thread/INFO] [mezz.jei.library.load.PluginCaller/]: Registering Mod Info...
[09May2026 01:56:20.014] [Render thread/INFO] [mezz.jei.library.load.PluginCaller/]: Registering Mod Info took 107.8 microseconds
[09May2026 01:56:20.014] [Render thread/INFO] [mezz.jei.library.load.PluginCaller/]: Registering categories...
[09May2026 01:56:20.015] [Render thread/INFO] [mezz.jei.library.load.PluginCaller/]: Registering categories took 727.0 microseconds
[09May2026 01:56:20.015] [Render thread/INFO] [mezz.jei.library.load.PluginCaller/]: Registering vanilla category extensions...
[09May2026 01:56:20.015] [Render thread/INFO] [mezz.jei.library.load.PluginCaller/]: Registering vanilla category extensions took 98.40 microseconds
[09May2026 01:56:20.015] [Render thread/INFO] [mezz.jei.library.load.PluginCaller/]: Registering recipe catalysts...
[09May2026 01:56:20.015] [Render thread/INFO] [mezz.jei.library.load.PluginCaller/]: Registering recipe catalysts took 129.0 microseconds
[09May2026 01:56:20.015] [Render thread/INFO] [mezz.jei.core.util.LoggedTimer/]: Building recipe registry...
[09May2026 01:56:20.015] [Render thread/INFO] [mezz.jei.core.util.LoggedTimer/]: Building recipe registry took 152.6 microseconds
[09May2026 01:56:20.015] [Render thread/INFO] [mezz.jei.library.load.PluginCaller/]: Registering advanced plugins...
[09May2026 01:56:20.015] [Render thread/INFO] [mezz.jei.library.load.PluginCaller/]: Registering advanced plugins took 67.00 microseconds
[09May2026 01:56:20.015] [Render thread/INFO] [mezz.jei.library.load.PluginCaller/]: Registering recipes...
[09May2026 01:56:20.061] [Render thread/INFO] [mezz.jei.library.load.PluginCallerTimerRunnable/]: Registering recipes: jei:minecraft took 45.50 milliseconds
[09May2026 01:56:20.066] [Render thread/INFO] [mezz.jei.library.load.PluginCaller/]: Registering recipes took 50.79 milliseconds
[09May2026 01:56:20.067] [Render thread/INFO] [mezz.jei.library.load.PluginCaller/]: Registering recipes transfer handlers...
[09May2026 01:56:20.067] [Render thread/INFO] [mezz.jei.library.load.PluginCaller/]: Registering recipes transfer handlers took 141.0 microseconds
[09May2026 01:56:20.067] [Render thread/INFO] [mezz.jei.core.util.LoggedTimer/]: Building runtime...
[09May2026 01:56:20.067] [Render thread/INFO] [mezz.jei.library.load.PluginCaller/]: Registering gui handlers...
[09May2026 01:56:20.067] [Render thread/INFO] [mezz.jei.library.load.PluginCaller/]: Registering gui handlers took 108.6 microseconds
[09May2026 01:56:20.067] [Render thread/INFO] [mezz.jei.library.load.PluginCaller/]: Registering Runtime...
[09May2026 01:56:20.067] [Render thread/INFO] [mezz.jei.gui.startup.JeiGuiStarter/]: Starting JEI GUI
[09May2026 01:56:20.067] [Render thread/INFO] [mezz.jei.core.util.LoggedTimer/]: Building ingredient list...
[09May2026 01:56:20.072] [Render thread/INFO] [mezz.jei.core.util.LoggedTimer/]: Building ingredient list took 4.425 milliseconds
[09May2026 01:56:20.072] [Render thread/INFO] [mezz.jei.core.util.LoggedTimer/]: Building ingredient filter...
[09May2026 01:56:20.073] [Render thread/INFO] [mezz.jei.gui.ingredients.IngredientFilter/]: Adding 2413 ingredients
[09May2026 01:56:20.111] [Render thread/INFO] [mezz.jei.gui.ingredients.IngredientFilter/]: Added 2413 ingredients
[09May2026 01:56:20.112] [Render thread/INFO] [mezz.jei.core.util.LoggedTimer/]: Building ingredient filter took 39.86 milliseconds
[09May2026 01:56:20.115] [Render thread/INFO] [mezz.jei.library.load.PluginCallerTimerRunnable/]: Registering Runtime: jei:neoforge_gui took 48.27 milliseconds
[09May2026 01:56:20.116] [Render thread/INFO] [mezz.jei.library.load.PluginCaller/]: Registering Runtime took 48.53 milliseconds
[09May2026 01:56:20.116] [Render thread/INFO] [mezz.jei.core.util.LoggedTimer/]: Building runtime took 48.88 milliseconds
[09May2026 01:56:20.116] [Render thread/INFO] [mezz.jei.library.load.PluginCaller/]: Sending Runtime...
[09May2026 01:56:20.117] [Render thread/INFO] [mezz.jei.library.load.PluginCaller/]: Sending Runtime took 214.2 microseconds
[09May2026 01:56:20.117] [Render thread/INFO] [mezz.jei.core.util.LoggedTimer/]: Starting JEI took 115.5 milliseconds
[09May2026 01:56:20.121] [Render thread/WARN] [net.minecraft.client.multiplayer.ClientPacketListener/]: Ignoring chat session from Dev due to missing Services public key
[09May2026 01:56:20.121] [Render thread/INFO] [net.minecraft.advancements.AdvancementTree/]: Loaded 2 advancements
[09May2026 01:56:34.286] [Render thread/INFO] [net.minecraft.client.renderer.DynamicUniformStorage/]: Resizing Dynamic Transforms UBO, capacity limit of 8 reached during a single frame. New capacity will be 16.
[09May2026 01:57:31.869] [Server thread/INFO] [net.minecraft.client.server.IntegratedServer/]: Saving and pausing game...
[09May2026 01:57:31.874] [Server thread/INFO] [net.minecraft.server.MinecraftServer/]: Saving chunks for level 'ServerLevel[New World]'/minecraft:overworld
[09May2026 01:57:31.884] [Server thread/INFO] [net.minecraft.server.MinecraftServer/]: Saving chunks for level 'ServerLevel[New World]'/minecraft:the_end
[09May2026 01:57:31.884] [Server thread/INFO] [net.minecraft.server.MinecraftServer/]: Saving chunks for level 'ServerLevel[New World]'/minecraft:the_nether
[09May2026 01:57:34.185] [Render thread/INFO] [mezz.jei.library.startup.JeiStarter/]: Stopping JEI
[09May2026 01:57:34.185] [Render thread/INFO] [mezz.jei.library.load.PluginCaller/]: Sending Runtime Unavailable...
[09May2026 01:57:34.186] [Render thread/INFO] [mezz.jei.neoforge.plugins.neoforge.NeoForgeGuiPlugin/]: Stopping JEI GUI
[09May2026 01:57:34.187] [Render thread/INFO] [mezz.jei.library.load.PluginCaller/]: Sending Runtime Unavailable took 1.767 milliseconds
[09May2026 01:57:34.218] [Server thread/INFO] [net.minecraft.server.MinecraftServer/]: Stopping server
[09May2026 01:57:34.218] [Server thread/INFO] [net.minecraft.server.MinecraftServer/]: Saving players
[09May2026 01:57:34.223] [Server thread/INFO] [net.minecraft.server.network.ServerGamePacketListenerImpl/]: Dev lost connection: Disconnected
[09May2026 01:57:34.223] [Server thread/INFO] [net.minecraft.server.MinecraftServer/]: Dev left the game
[09May2026 01:57:34.228] [Server thread/INFO] [net.minecraft.server.network.ServerCommonPacketListenerImpl/]: Stopping singleplayer server as player logged out
[09May2026 01:57:34.229] [Server thread/INFO] [net.minecraft.server.MinecraftServer/]: Saving worlds
[09May2026 01:57:34.317] [Server thread/INFO] [net.minecraft.server.MinecraftServer/]: Saving chunks for level 'ServerLevel[New World]'/minecraft:overworld
[09May2026 01:57:35.018] [Server thread/INFO] [net.minecraft.server.MinecraftServer/]: Saving chunks for level 'ServerLevel[New World]'/minecraft:the_end
[09May2026 01:57:35.020] [Server thread/INFO] [net.minecraft.server.MinecraftServer/]: Saving chunks for level 'ServerLevel[New World]'/minecraft:the_nether
[09May2026 01:57:35.024] [Server thread/INFO] [net.minecraft.server.MinecraftServer/]: ThreadedAnvilChunkStorage (world): All chunks are saved
[09May2026 01:57:35.024] [Server thread/INFO] [net.minecraft.server.MinecraftServer/]: ThreadedAnvilChunkStorage (DIM1): All chunks are saved
[09May2026 01:57:35.024] [Server thread/INFO] [net.minecraft.server.MinecraftServer/]: ThreadedAnvilChunkStorage (DIM-1): All chunks are saved
[09May2026 01:57:35.024] [Server thread/INFO] [net.minecraft.server.MinecraftServer/]: ThreadedAnvilChunkStorage: All dimensions are saved
[09May2026 01:57:38.763] [Render thread/INFO] [net.minecraft.world.level.storage.LevelStorageSource/]: Deleting level New World (1)
[09May2026 01:57:38.763] [Render thread/INFO] [net.minecraft.world.level.storage.LevelStorageSource/]: Attempt 1...
[09May2026 01:57:39.532] [Render thread/WARN] [net.minecraft.server.MinecraftServer/]: Missing data pack tests
[09May2026 01:57:40.153] [Render thread/INFO] [net.minecraft.world.item.crafting.RecipeManager/]: Loaded 2105 recipes
[09May2026 01:57:40.157] [Render thread/INFO] [net.minecraft.advancements.AdvancementTree/]: Loaded 1885 advancements
[09May2026 01:57:40.158] [Render thread/INFO] [net.neoforged.neoforge.common.crafting.RecipePriorityManager/]: Loaded 0 recipe priority overrides
[09May2026 01:57:45.481] [Server thread/INFO] [net.minecraft.client.server.IntegratedServer/]: Starting integrated minecraft server version 26.1.2
[09May2026 01:57:45.481] [Server thread/INFO] [net.minecraft.server.MinecraftServer/]: Generating keypair
[09May2026 01:57:45.592] [Server thread/INFO] [net.minecraft.server.level.progress.LoggingLevelLoadListener/]: Selecting global world spawn...
[09May2026 01:57:46.099] [Server thread/INFO] [net.minecraft.server.level.progress.LoggingLevelLoadListener/]: Loading 0 persistent chunks...
[09May2026 01:57:46.099] [Server thread/INFO] [net.minecraft.server.level.progress.LoggingLevelLoadListener/]: Preparing spawn area: 16%
[09May2026 01:57:46.100] [Server thread/INFO] [net.minecraft.server.MinecraftServer/]: Saving chunks for level 'ServerLevel[aaaaaaa]'/minecraft:overworld
[09May2026 01:57:46.105] [Server thread/INFO] [net.minecraft.server.MinecraftServer/]: Saving chunks for level 'ServerLevel[aaaaaaa]'/minecraft:the_end
[09May2026 01:57:46.108] [Server thread/INFO] [net.minecraft.server.MinecraftServer/]: Saving chunks for level 'ServerLevel[aaaaaaa]'/minecraft:the_nether
[09May2026 01:57:46.119] [Server thread/INFO] [net.minecraft.server.MinecraftServer/]: ThreadedAnvilChunkStorage (world): All chunks are saved
[09May2026 01:57:46.119] [Server thread/INFO] [net.minecraft.server.MinecraftServer/]: ThreadedAnvilChunkStorage (DIM1): All chunks are saved
[09May2026 01:57:46.119] [Server thread/INFO] [net.minecraft.server.MinecraftServer/]: ThreadedAnvilChunkStorage (DIM-1): All chunks are saved
[09May2026 01:57:46.119] [Server thread/INFO] [net.minecraft.server.MinecraftServer/]: ThreadedAnvilChunkStorage: All dimensions are saved
[09May2026 01:57:46.120] [Server thread/INFO] [net.neoforged.neoforge.server.permission.PermissionAPI/]: Successfully initialized permission handler neoforge:default_handler
[09May2026 01:57:46.422] [Server thread/INFO] [net.minecraft.server.level.progress.LoggingLevelLoadListener/]: Loading 47 chunks for player spawn...
[09May2026 01:57:46.422] [Server thread/INFO] [net.minecraft.server.level.progress.LoggingLevelLoadListener/]: Preparing spawn area: 16%
[09May2026 01:57:46.622] [Server thread/INFO] [net.minecraft.server.level.progress.LoggingLevelLoadListener/]: Preparing spawn area: 29%
[09May2026 01:57:47.123] [Server thread/INFO] [net.minecraft.server.level.progress.LoggingLevelLoadListener/]: Preparing spawn area: 57%
[09May2026 01:57:47.271] [Server thread/INFO] [net.minecraft.server.level.progress.LoggingLevelLoadListener/]: Time elapsed: 1678 ms
[09May2026 01:57:47.329] [Server thread/INFO] [net.minecraft.server.players.PlayerList/]: Dev[local:E:25f8d436] logged in with entity id 2556 at (-21.5, 64.0, 46.5)
[09May2026 01:57:47.343] [Server thread/INFO] [net.minecraft.server.MinecraftServer/]: Dev joined the game
[09May2026 01:57:47.351] [Server thread/INFO] [net.minecraft.client.server.IntegratedServer/]: Changing view distance to 16, from 10
[09May2026 01:57:47.353] [Server thread/INFO] [net.minecraft.client.server.IntegratedServer/]: Changing simulation distance to 12, from 0
[09May2026 01:57:47.368] [Render thread/INFO] [mezz.jei.core.util.LoggedTimer/]: Starting JEI...
[09May2026 01:57:47.369] [Render thread/INFO] [mezz.jei.library.load.PluginCaller/]: Registering item subtypes...
[09May2026 01:57:47.369] [Render thread/INFO] [mezz.jei.library.load.PluginCaller/]: Registering item subtypes took 147.6 microseconds
[09May2026 01:57:47.369] [Render thread/INFO] [mezz.jei.library.load.PluginCaller/]: Registering fluid subtypes...
[09May2026 01:57:47.369] [Render thread/INFO] [mezz.jei.library.load.PluginCaller/]: Registering fluid subtypes took 83.30 microseconds
[09May2026 01:57:47.369] [Render thread/INFO] [mezz.jei.library.load.PluginCaller/]: Registering ingredients...
[09May2026 01:57:47.401] [Render thread/WARN] [mezz.jei.library.plugins.vanilla.ingredients.ItemStackListFactory/]: 4 duplicate items were found in 'Refined Storage' creative tab's: displayItems
This may indicate that these types of item need a subtype interpreter added to JEI:
[refinedstorage:wireless_autocrafting_monitor, refinedstorage:portable_grid, refinedstorage:wireless_grid, refinedstorage:controller]
[09May2026 01:57:47.403] [Render thread/WARN] [mezz.jei.library.plugins.vanilla.ingredients.ItemStackListFactory/]: 15 duplicate items were found in 'Refined Storage (colorized)' creative tab's: displayItems
This may indicate that these types of item need a subtype interpreter added to JEI:
[refinedstorage:black_controller, refinedstorage:cyan_controller, refinedstorage:magenta_controller, refinedstorage:lime_controller, refinedstorage:pink_controller, refinedstorage:brown_controller, refinedstorage:white_controller, refinedstorage:red_controller, refinedstorage:blue_controller, refinedstorage:orange_controller, refinedstorage:gray_controller, refinedstorage:light_gray_controller, refinedstorage:yellow_controller, refinedstorage:purple_controller, refinedstorage:green_controller]
[09May2026 01:57:47.406] [Render thread/INFO] [mezz.jei.library.load.PluginCallerTimerRunnable/]: Registering ingredients: jei:minecraft took 36.85 milliseconds
[09May2026 01:57:47.406] [Render thread/INFO] [mezz.jei.library.load.PluginCaller/]: Registering ingredients took 37.07 milliseconds
[09May2026 01:57:47.406] [Render thread/INFO] [mezz.jei.library.load.PluginCaller/]: Registering extra ingredients...
[09May2026 01:57:47.406] [Render thread/INFO] [mezz.jei.library.load.PluginCaller/]: Registering extra ingredients took 185.0 microseconds
[09May2026 01:57:47.406] [Render thread/INFO] [mezz.jei.library.load.PluginCaller/]: Registering search ingredient aliases...
[09May2026 01:57:47.407] [Render thread/INFO] [mezz.jei.library.load.PluginCaller/]: Registering search ingredient aliases took 265.9 microseconds
[09May2026 01:57:47.407] [Render thread/INFO] [mezz.jei.library.load.PluginCaller/]: Registering Mod Info...
[09May2026 01:57:47.407] [Render thread/INFO] [mezz.jei.library.load.PluginCaller/]: Registering Mod Info took 128.2 microseconds
[09May2026 01:57:47.407] [Render thread/INFO] [mezz.jei.library.load.PluginCaller/]: Registering categories...
[09May2026 01:57:47.408] [Render thread/INFO] [mezz.jei.library.load.PluginCaller/]: Registering categories took 938.9 microseconds
[09May2026 01:57:47.408] [Render thread/INFO] [mezz.jei.library.load.PluginCaller/]: Registering vanilla category extensions...
[09May2026 01:57:47.409] [Render thread/INFO] [mezz.jei.library.load.PluginCaller/]: Registering vanilla category extensions took 87.40 microseconds
[09May2026 01:57:47.409] [Render thread/INFO] [mezz.jei.library.load.PluginCaller/]: Registering recipe catalysts...
[09May2026 01:57:47.409] [Render thread/INFO] [mezz.jei.library.load.PluginCaller/]: Registering recipe catalysts took 738.1 microseconds
[09May2026 01:57:47.410] [Render thread/INFO] [mezz.jei.core.util.LoggedTimer/]: Building recipe registry...
[09May2026 01:57:47.410] [Render thread/INFO] [mezz.jei.core.util.LoggedTimer/]: Building recipe registry took 523.8 microseconds
[09May2026 01:57:47.410] [Render thread/INFO] [mezz.jei.library.load.PluginCaller/]: Registering advanced plugins...
[09May2026 01:57:47.410] [Render thread/INFO] [mezz.jei.library.load.PluginCaller/]: Registering advanced plugins took 84.70 microseconds
[09May2026 01:57:47.410] [Render thread/INFO] [mezz.jei.library.load.PluginCaller/]: Registering recipes...
[09May2026 01:57:47.529] [Render thread/INFO] [mezz.jei.library.load.PluginCallerTimerRunnable/]: Registering recipes: jei:minecraft took 119.0 milliseconds
[09May2026 01:57:47.538] [Render thread/INFO] [mezz.jei.library.load.PluginCaller/]: Registering recipes took 127.3 milliseconds
[09May2026 01:57:47.539] [Render thread/INFO] [mezz.jei.library.load.PluginCaller/]: Registering recipes transfer handlers...
[09May2026 01:57:47.540] [Render thread/INFO] [mezz.jei.library.load.PluginCaller/]: Registering recipes transfer handlers took 137.5 microseconds
[09May2026 01:57:47.540] [Render thread/INFO] [mezz.jei.core.util.LoggedTimer/]: Building runtime...
[09May2026 01:57:47.540] [Render thread/INFO] [mezz.jei.library.load.PluginCaller/]: Registering gui handlers...
[09May2026 01:57:47.540] [Render thread/INFO] [mezz.jei.library.load.PluginCaller/]: Registering gui handlers took 160.8 microseconds
[09May2026 01:57:47.540] [Render thread/INFO] [mezz.jei.library.load.PluginCaller/]: Registering Runtime...
[09May2026 01:57:47.540] [Render thread/INFO] [mezz.jei.gui.startup.JeiGuiStarter/]: Starting JEI GUI
[09May2026 01:57:47.540] [Render thread/INFO] [mezz.jei.core.util.LoggedTimer/]: Building ingredient list...
[09May2026 01:57:47.544] [Render thread/INFO] [mezz.jei.core.util.LoggedTimer/]: Building ingredient list took 4.462 milliseconds
[09May2026 01:57:47.544] [Render thread/INFO] [mezz.jei.core.util.LoggedTimer/]: Building ingredient filter...
[09May2026 01:57:47.546] [Render thread/INFO] [mezz.jei.gui.ingredients.IngredientFilter/]: Adding 2413 ingredients
[09May2026 01:57:47.632] [Render thread/INFO] [mezz.jei.gui.ingredients.IngredientFilter/]: Added 2413 ingredients
[09May2026 01:57:47.632] [Render thread/INFO] [mezz.jei.core.util.LoggedTimer/]: Building ingredient filter took 87.29 milliseconds
[09May2026 01:57:47.640] [Render thread/INFO] [mezz.jei.library.load.PluginCallerTimerRunnable/]: Registering Runtime: jei:neoforge_gui took 99.28 milliseconds
[09May2026 01:57:47.640] [Render thread/INFO] [mezz.jei.library.load.PluginCaller/]: Registering Runtime took 99.53 milliseconds
[09May2026 01:57:47.640] [Render thread/INFO] [mezz.jei.core.util.LoggedTimer/]: Building runtime took 99.94 milliseconds
[09May2026 01:57:47.640] [Render thread/INFO] [mezz.jei.library.load.PluginCaller/]: Sending Runtime...
[09May2026 01:57:47.640] [Render thread/INFO] [mezz.jei.library.load.PluginCaller/]: Sending Runtime took 157.1 microseconds
[09May2026 01:57:47.640] [Render thread/INFO] [mezz.jei.core.util.LoggedTimer/]: Starting JEI took 271.7 milliseconds
[09May2026 01:57:47.644] [Render thread/WARN] [net.minecraft.client.multiplayer.ClientPacketListener/]: Ignoring chat session from Dev due to missing Services public key
[09May2026 01:57:47.645] [Render thread/INFO] [net.minecraft.advancements.AdvancementTree/]: Loaded 2 advancements
[09May2026 01:58:08.680] [Render thread/WARN] [net.minecraft.client.sounds.SoundEngine/SOUNDS]: Unable to play empty soundEvent: minecraft:entity.cod.ambient
[09May2026 01:58:15.071] [Server thread/INFO] [net.minecraft.client.server.IntegratedServer/]: Saving and pausing game...
[09May2026 01:58:15.075] [Server thread/INFO] [net.minecraft.server.MinecraftServer/]: Saving chunks for level 'ServerLevel[aaaaaaa]'/minecraft:overworld
[09May2026 01:58:15.084] [Server thread/INFO] [net.minecraft.server.MinecraftServer/]: Saving chunks for level 'ServerLevel[aaaaaaa]'/minecraft:the_end
[09May2026 01:58:15.084] [Server thread/INFO] [net.minecraft.server.MinecraftServer/]: Saving chunks for level 'ServerLevel[aaaaaaa]'/minecraft:the_nether
[09May2026 01:59:09.521] [Server thread/INFO] [net.minecraft.client.server.IntegratedServer/]: Saving and pausing game...
[09May2026 01:59:09.526] [Server thread/INFO] [net.minecraft.server.MinecraftServer/]: Saving chunks for level 'ServerLevel[aaaaaaa]'/minecraft:overworld
[09May2026 01:59:09.532] [Server thread/INFO] [net.minecraft.server.MinecraftServer/]: Saving chunks for level 'ServerLevel[aaaaaaa]'/minecraft:the_end
[09May2026 01:59:09.532] [Server thread/INFO] [net.minecraft.server.MinecraftServer/]: Saving chunks for level 'ServerLevel[aaaaaaa]'/minecraft:the_nether
[09May2026 01:59:27.872] [Server thread/INFO] [net.minecraft.client.server.IntegratedServer/]: Saving and pausing game...
[09May2026 01:59:27.875] [Server thread/INFO] [net.minecraft.server.MinecraftServer/]: Saving chunks for level 'ServerLevel[aaaaaaa]'/minecraft:overworld
[09May2026 01:59:27.881] [Server thread/INFO] [net.minecraft.server.MinecraftServer/]: Saving chunks for level 'ServerLevel[aaaaaaa]'/minecraft:the_end
[09May2026 01:59:27.881] [Server thread/INFO] [net.minecraft.server.MinecraftServer/]: Saving chunks for level 'ServerLevel[aaaaaaa]'/minecraft:the_nether
[09May2026 01:59:57.221] [Server thread/INFO] [net.minecraft.client.server.IntegratedServer/]: Saving and pausing game...
[09May2026 01:59:57.225] [Server thread/INFO] [net.minecraft.server.MinecraftServer/]: Saving chunks for level 'ServerLevel[aaaaaaa]'/minecraft:overworld
[09May2026 01:59:57.230] [Server thread/INFO] [net.minecraft.server.MinecraftServer/]: Saving chunks for level 'ServerLevel[aaaaaaa]'/minecraft:the_end
[09May2026 01:59:57.231] [Server thread/INFO] [net.minecraft.server.MinecraftServer/]: Saving chunks for level 'ServerLevel[aaaaaaa]'/minecraft:the_nether
[09May2026 02:00:15.071] [Server thread/INFO] [net.minecraft.client.server.IntegratedServer/]: Saving and pausing game...
[09May2026 02:00:15.075] [Server thread/INFO] [net.minecraft.server.MinecraftServer/]: Saving chunks for level 'ServerLevel[aaaaaaa]'/minecraft:overworld
[09May2026 02:00:15.080] [Server thread/INFO] [net.minecraft.server.MinecraftServer/]: Saving chunks for level 'ServerLevel[aaaaaaa]'/minecraft:the_end
[09May2026 02:00:15.080] [Server thread/INFO] [net.minecraft.server.MinecraftServer/]: Saving chunks for level 'ServerLevel[aaaaaaa]'/minecraft:the_nether
[09May2026 02:02:11.671] [Server thread/INFO] [net.minecraft.client.server.IntegratedServer/]: Saving and pausing game...
[09May2026 02:02:11.676] [Server thread/INFO] [net.minecraft.server.MinecraftServer/]: Saving chunks for level 'ServerLevel[aaaaaaa]'/minecraft:overworld
[09May2026 02:02:11.686] [Server thread/INFO] [net.minecraft.server.MinecraftServer/]: Saving chunks for level 'ServerLevel[aaaaaaa]'/minecraft:the_end
[09May2026 02:02:11.687] [Server thread/INFO] [net.minecraft.server.MinecraftServer/]: Saving chunks for level 'ServerLevel[aaaaaaa]'/minecraft:the_nether
[09May2026 02:02:12.067] [Render thread/INFO] [mezz.jei.library.startup.JeiStarter/]: Stopping JEI
[09May2026 02:02:12.067] [Render thread/INFO] [mezz.jei.library.load.PluginCaller/]: Sending Runtime Unavailable...
[09May2026 02:02:12.067] [Render thread/INFO] [mezz.jei.neoforge.plugins.neoforge.NeoForgeGuiPlugin/]: Stopping JEI GUI
[09May2026 02:02:12.069] [Render thread/INFO] [mezz.jei.library.load.PluginCaller/]: Sending Runtime Unavailable took 1.366 milliseconds
[09May2026 02:02:12.072] [Server thread/INFO] [net.minecraft.server.MinecraftServer/]: Stopping server
[09May2026 02:02:12.072] [Server thread/INFO] [net.minecraft.server.MinecraftServer/]: Saving players
[09May2026 02:02:12.075] [Server thread/INFO] [net.minecraft.server.network.ServerGamePacketListenerImpl/]: Dev lost connection: Disconnected
[09May2026 02:02:12.075] [Server thread/INFO] [net.minecraft.server.MinecraftServer/]: Dev left the game
[09May2026 02:02:12.079] [Server thread/INFO] [net.minecraft.server.network.ServerCommonPacketListenerImpl/]: Stopping singleplayer server as player logged out
[09May2026 02:02:12.079] [Server thread/INFO] [net.minecraft.server.MinecraftServer/]: Saving worlds
[09May2026 02:02:12.181] [Server thread/INFO] [net.minecraft.server.MinecraftServer/]: Saving chunks for level 'ServerLevel[aaaaaaa]'/minecraft:overworld
[09May2026 02:02:12.822] [Server thread/INFO] [net.minecraft.server.MinecraftServer/]: Saving chunks for level 'ServerLevel[aaaaaaa]'/minecraft:the_end
[09May2026 02:02:12.825] [Server thread/INFO] [net.minecraft.server.MinecraftServer/]: Saving chunks for level 'ServerLevel[aaaaaaa]'/minecraft:the_nether
[09May2026 02:02:12.829] [Server thread/INFO] [net.minecraft.server.MinecraftServer/]: ThreadedAnvilChunkStorage (world): All chunks are saved
[09May2026 02:02:12.829] [Server thread/INFO] [net.minecraft.server.MinecraftServer/]: ThreadedAnvilChunkStorage (DIM1): All chunks are saved
[09May2026 02:02:12.829] [Server thread/INFO] [net.minecraft.server.MinecraftServer/]: ThreadedAnvilChunkStorage (DIM-1): All chunks are saved
[09May2026 02:02:12.829] [Server thread/INFO] [net.minecraft.server.MinecraftServer/]: ThreadedAnvilChunkStorage: All dimensions are saved
[09May2026 02:02:13.542] [Render thread/INFO] [net.minecraft.client.Minecraft/]: Stopping!
