[10May2026 01:28:00.710] [main/INFO] [net.neoforged.fml.startup.Entrypoint/]: JVM Uptime at startup: 97ms
[10May2026 01:28:00.720] [main/INFO] [net.neoforged.fml.loading.FMLLoader/]: Starting FancyModLoader version 11.0.12 (CLIENT in DEV)
[10May2026 01:28:00.720] [main/INFO] [net.neoforged.fml.loading.FMLLoader/]: Game directory: C:\dev\craftingcompass\neoforge\run\client
[10May2026 01:28:00.755] [main/INFO] [net.neoforged.fml.loading.EarlyServiceDiscovery/]: Found 2 early service jars (out of 113) in 15ms
[10May2026 01:28:00.756] [main/INFO] [net.neoforged.fml.loading.FMLLoader/]: Loading FML Early Services:
[10May2026 01:28:00.756] [main/INFO] [net.neoforged.fml.loading.FMLLoader/]:  - C:/Users/chris/.gradle/caches/modules-2/files-2.1/net.neoforged.fancymodloader/loader/11.0.12/d884bab13450950bcb425dbe29d33e505f7153e1/loader-11.0.12.jar
[10May2026 01:28:00.757] [main/INFO] [net.neoforged.fml.loading.FMLLoader/]:  - C:/Users/chris/.gradle/caches/modules-2/files-2.1/net.neoforged.fancymodloader/earlydisplay/11.0.12/b817db67b61923f071fa98947f92a054c8598dd1/earlydisplay-11.0.12.jar
[10May2026 01:28:00.760] [main/INFO] [net.neoforged.fml.loading.ImmediateWindowHandler/]: Loading ImmediateWindowProvider fmlearlywindow
[10May2026 01:28:01.116] [ForkJoinPool.commonPool-worker-8/INFO] [net.neoforged.fml.loading.moddiscovery.locators.GameLocator/]: Detected a joined NeoForge and Minecraft configuration. Applying filtering...
[10May2026 01:28:01.160] [fml-loadingscreen/INFO] [net.neoforged.fml.earlydisplay.render.LoadingScreenRenderer/]: GL info: NVIDIA GeForce RTX 4070 SUPER/PCIe/SSE2 GL version 3.3.0 NVIDIA 596.36, NVIDIA Corporation
[10May2026 01:28:01.165] [ForkJoinPool.commonPool-worker-8/INFO] [net.neoforged.fml.loading.moddiscovery.locators.InDevFolderLocator/CORE]: Got mod coordinates craftingcompass%%C:\\dev\\craftingcompass\\neoforge\\build\\classes\\java\\main;craftingcompass%%C:\\dev\\craftingcompass\\neoforge\\build\\resources\\main;craftingcompass%%C:\\dev\\craftingcompass\\common\\build\\classes\\java\\main;craftingcompass%%C:\\dev\\craftingcompass\\common\\build\\resources\\main from env
[10May2026 01:28:01.201] [ForkJoinPool.commonPool-worker-8/INFO] [net.neoforged.fml.loading.UniqueModListBuilder/]: Found 2 mod files for modid jei, selecting jei-26.1.2-neoforge-29.5.0.28.jar as it is the most recent based on version data:
	29.5.0.28 from jei-26.1.2-neoforge-29.5.0.28.jar
	29.5.0.27 from jei-26.1.2-neoforge-29.5.0.27.jar
[10May2026 01:28:01.248] [ForkJoinPool.commonPool-worker-8/INFO] [net.neoforged.fml.loading.moddiscovery.locators.JarInJarDependencyLocator/]: Found 2 dependencies adding them to mods collection
[10May2026 01:28:01.250] [ForkJoinPool.commonPool-worker-8/INFO] [net.neoforged.fml.loading.moddiscovery.ModDiscoverer/]: 
     Mod List:
		Name Version (Mod Id)

		Cloth Config v26.1 API 26.1.154 (cloth_config)
		CraftingCompass 0.0.0 (craftingcompass)
		GuideME 26.1.10-alpha (guideme)
		Just Enough Items 29.5.0.28 (jei)
		Minecraft 26.1.2 (minecraft)
		NeoForge 26.1.2.22-beta (neoforge)
		Powah 7.0.4-alpha (powah)
		Refined Storage 3.0.0-beta.8 (refinedstorage)
[10May2026 01:28:01.400] [main/INFO] [mixin/]: SpongePowered MIXIN Subsystem Version=0.8.7 Source=file:/C:/Users/chris/.gradle/caches/modules-2/files-2.1/net.fabricmc/sponge-mixin/0.17.3+mixin.0.8.7/41c4a3984a80f4679e759fb9f495587acc5cdac7/sponge-mixin-0.17.3+mixin.0.8.7.jar Service=FML Env=CLIENT
[10May2026 01:28:01.415] [main/INFO] [net.neoforged.fml.loading.FMLLoader/]: Loading FML Plugins:
[10May2026 01:28:01.415] [main/INFO] [net.neoforged.fml.loading.FMLLoader/]:  - C:/Users/chris/.gradle/caches/modules-2/files-2.1/net.neoforged/neoforge/26.1.2.22-beta/b19acc872dff9778fcd6f737df86f6739a26ae1c/neoforge-26.1.2.22-beta-universal.jar > net.neoforged.neoforge-coremods-26.1.2.22-beta.jar
[10May2026 01:28:01.462] [main/INFO] [net.neoforged.fml.loading.FMLLoader/]: Building game content classloader:
 - cloth_config (jar(mods/cloth-config-26.1.154.jar))
 - craftingcompass (composite(folder(C:/dev/craftingcompass/neoforge/build/classes/java/main), folder(C:/dev/craftingcompass/neoforge/build/resources/main), folder(C:/dev/craftingcompass/common/build/classes/java/main)))
 - guideme (jar(mods/guideme-26.1.10-alpha.jar))
 - jei (jar(mods/jei-26.1.2-neoforge-29.5.0.28.jar))
 - minecraft (composite(filtered(jar(C:/dev/craftingcompass/neoforge/build/moddev/artifacts/minecraft-patched-26.1.2.22-beta.jar)), filtered(jar(C:/dev/craftingcompass/neoforge/build/moddev/artifacts/minecraft-patched-26.1.2.22-beta.jar))))
 - mixinextras.neoforge (jar(C:/Users/chris/.gradle/caches/modules-2/files-2.1/net.neoforged/neoforge/26.1.2.22-beta/b19acc872dff9778fcd6f737df86f6739a26ae1c/neoforge-26.1.2.22-beta-universal.jar > mixinextras-neoforge-0.5.4.jar))
 - neoforge (composite(filtered(jar(C:/Users/chris/.gradle/caches/modules-2/files-2.1/net.neoforged/neoforge/26.1.2.22-beta/b19acc872dff9778fcd6f737df86f6739a26ae1c/neoforge-26.1.2.22-beta-universal.jar))))
 - net.neoforged.fml.generated (empty(VirtualJar/net.neoforged.fml.generated))
 - powah (jar(mods/Powah-7.0.4-alpha.jar))
 - refinedstorage (jar(mods/refinedstorage-neoforge-3.0.0-beta.8.jar))
[10May2026 01:28:01.471] [main/INFO] [net.neoforged.fml.loading.FMLLoader/]: Built game content classloader in 14ms
[10May2026 01:28:02.210] [Datafixer Bootstrap/INFO] [com.mojang.datafixers.DataFixerBuilder/]: 294 Datafixer optimizations took 188 milliseconds
[10May2026 01:28:02.263] [pool-13-thread-1/INFO] [MixinExtras|Service/]: Initializing MixinExtras via com.llamalad7.mixinextras.service.MixinExtrasServiceImpl(version=0.5.4).
[10May2026 01:28:04.582] [main/WARN] [net.minecraft.commands.Commands/]: Ambiguity between arguments [teleport, location] and [teleport, destination] with inputs: [0.1 -0.5 .9, 0 0 0]
[10May2026 01:28:04.583] [main/WARN] [net.minecraft.commands.Commands/]: Ambiguity between arguments [teleport, location] and [teleport, targets] with inputs: [0.1 -0.5 .9, 0 0 0]
[10May2026 01:28:04.584] [main/WARN] [net.minecraft.commands.Commands/]: Ambiguity between arguments [teleport, destination] and [teleport, targets] with inputs: [Player, 0123, @e, dd12be42-52a9-4a91-a8a1-11c01849e498]
[10May2026 01:28:04.585] [main/WARN] [net.minecraft.commands.Commands/]: Ambiguity between arguments [teleport, targets] and [teleport, destination] with inputs: [Player, 0123, dd12be42-52a9-4a91-a8a1-11c01849e498]
[10May2026 01:28:04.586] [main/WARN] [net.minecraft.commands.Commands/]: Ambiguity between arguments [teleport, targets, location] and [teleport, targets, destination] with inputs: [0.1 -0.5 .9, 0 0 0]
[10May2026 01:28:04.586] [main/WARN] [net.minecraft.commands.Commands/]: Ambiguity between arguments [time, set, time] and [time, set, timemarker] with inputs: [0, 0s, 0d, 0t]
[10May2026 01:28:04.587] [main/WARN] [net.minecraft.commands.Commands/]: Ambiguity between arguments [time, set, timemarker] and [time, set, time] with inputs: [012]
[10May2026 01:28:04.588] [main/WARN] [net.minecraft.commands.Commands/]: Ambiguity between arguments [time, of, clock, set, time] and [time, of, clock, set, timemarker] with inputs: [0, 0s, 0d, 0t]
[10May2026 01:28:04.588] [main/WARN] [net.minecraft.commands.Commands/]: Ambiguity between arguments [time, of, clock, set, timemarker] and [time, of, clock, set, time] with inputs: [012]
[10May2026 01:28:04.589] [main/WARN] [net.minecraft.commands.Commands/]: Ambiguity between arguments [waypoint, modify, waypoint, color, reset] and [waypoint, modify, waypoint, color, color] with inputs: [reset]
[10May2026 01:28:04.625] [modloading-worker-0/INFO] [net.neoforged.neoforge.common.NeoForgeMod/NEOFORGE-MOD]: NeoForge mod loading, version 26.1.2.22-beta, for MC 26.1.2
[10May2026 01:28:04.661] [modloading-worker-0/INFO] [mezz.jei.library.load.PluginCaller/]: Sending ConfigManager...
[10May2026 01:28:04.662] [modloading-worker-0/INFO] [mezz.jei.library.load.PluginCaller/]: Sending ConfigManager took 713.0 microseconds
[10May2026 01:28:05.042] [Render thread/INFO] [com.mojang.authlib.yggdrasil.YggdrasilAuthenticationService/]: Environment: Environment[sessionHost=https://sessionserver.mojang.com, servicesHost=https://api.minecraftservices.com, profilesHost=https://api.mojang.com, name=PROD]
[10May2026 01:28:05.052] [Render thread/INFO] [net.minecraft.client.Minecraft/]: Setting user: Dev
[10May2026 01:28:05.100] [Render thread/INFO] [net.minecraft.client.Minecraft/]: Backend library: LWJGL version 3.4.1+2
[10May2026 01:28:05.189] [Render thread/INFO] [net.minecraft.client.Minecraft/]: Using optional rendering extensions: GL_ARB_buffer_storage, GL_KHR_debug, GL_ARB_vertex_attrib_binding, GL_ARB_direct_state_access, GL_EXT_texture_filter_anisotropic
[10May2026 01:28:05.713] [Render thread/INFO] [net.minecraft.server.packs.resources.ReloadableResourceManager/]: Reloading ResourceManager: vanilla, mod_resources, mod/powah, mod/cloth_config, mod/refinedstorage, mod/guideme, mod/neoforge, mod/jei, mod/craftingcompass
[10May2026 01:28:05.762] [resourceLoad/INFO] [net.minecraft.client.gui.font.providers.UnihexProvider/]: Found unifont_all_no_pua-17.0.01.hex, loading
[10May2026 01:28:05.763] [resourceLoad/INFO] [net.minecraft.client.gui.font.providers.UnihexProvider/]: Found unifont_pua-17.0.01.hex, loading
[10May2026 01:28:05.792] [resourceLoad/INFO] [net.minecraft.client.gui.font.providers.UnihexProvider/]: Found unifont_jp_patch-17.0.01.hex, loading
[10May2026 01:28:05.956] [resourceLoad/WARN] [net.minecraft.client.renderer.texture.SpriteContents/]: Unused frames in sprite powah:item/charged_snowball: [1, 2, 3, 4, 16, 17, 18, 19]
[10May2026 01:28:05.991] [resourceLoad/WARN] [net.minecraft.client.renderer.texture.SpriteContents/]: Invalid frame index on sprite powah:item/ender_core frame 40: 3
[10May2026 01:28:05.991] [resourceLoad/WARN] [net.minecraft.client.renderer.texture.SpriteContents/]: Invalid frame index on sprite powah:item/ender_core frame 43: 3
[10May2026 01:28:05.992] [resourceLoad/WARN] [net.minecraft.client.renderer.texture.SpriteContents/]: Invalid frame index on sprite powah:item/ender_core frame 90: 5
[10May2026 01:28:05.992] [resourceLoad/WARN] [net.minecraft.client.renderer.texture.SpriteContents/]: Invalid frame index on sprite powah:item/ender_core frame 91: 5
[10May2026 01:28:05.992] [resourceLoad/WARN] [net.minecraft.client.renderer.texture.SpriteContents/]: Invalid frame index on sprite powah:item/ender_core frame 92: 5
[10May2026 01:28:05.992] [resourceLoad/WARN] [net.minecraft.client.renderer.texture.SpriteContents/]: Invalid frame index on sprite powah:item/ender_core frame 93: 5
[10May2026 01:28:05.992] [resourceLoad/WARN] [net.minecraft.client.renderer.texture.SpriteContents/]: Invalid frame index on sprite powah:item/ender_core frame 94: 6
[10May2026 01:28:05.992] [resourceLoad/WARN] [net.minecraft.client.renderer.texture.SpriteContents/]: Invalid frame index on sprite powah:item/ender_core frame 95: 6
[10May2026 01:28:05.992] [resourceLoad/WARN] [net.minecraft.client.renderer.texture.SpriteContents/]: Invalid frame index on sprite powah:item/ender_core frame 96: 6
[10May2026 01:28:05.992] [resourceLoad/WARN] [net.minecraft.client.renderer.texture.SpriteContents/]: Invalid frame index on sprite powah:item/ender_core frame 97: 6
[10May2026 01:28:05.992] [resourceLoad/WARN] [net.minecraft.client.renderer.texture.SpriteContents/]: Invalid frame index on sprite powah:item/ender_core frame 98: 6
[10May2026 01:28:05.992] [resourceLoad/WARN] [net.minecraft.client.renderer.texture.SpriteContents/]: Invalid frame index on sprite powah:item/ender_core frame 99: 5
[10May2026 01:28:05.992] [resourceLoad/WARN] [net.minecraft.client.renderer.texture.SpriteContents/]: Invalid frame index on sprite powah:item/ender_core frame 100: 5
[10May2026 01:28:05.992] [resourceLoad/WARN] [net.minecraft.client.renderer.texture.SpriteContents/]: Invalid frame index on sprite powah:item/ender_core frame 101: 5
[10May2026 01:28:05.993] [resourceLoad/WARN] [net.minecraft.client.renderer.texture.SpriteContents/]: Invalid frame index on sprite powah:item/ender_core frame 102: 5
[10May2026 01:28:05.993] [resourceLoad/WARN] [net.minecraft.client.renderer.texture.SpriteContents/]: Invalid frame index on sprite powah:item/ender_core frame 146: 8
[10May2026 01:28:05.993] [resourceLoad/WARN] [net.minecraft.client.renderer.texture.SpriteContents/]: Invalid frame index on sprite powah:item/ender_core frame 147: 8
[10May2026 01:28:05.993] [resourceLoad/WARN] [net.minecraft.client.renderer.texture.SpriteContents/]: Invalid frame index on sprite powah:item/ender_core frame 148: 8
[10May2026 01:28:05.993] [resourceLoad/WARN] [net.minecraft.client.renderer.texture.SpriteContents/]: Invalid frame index on sprite powah:item/ender_core frame 149: 8
[10May2026 01:28:05.993] [resourceLoad/WARN] [net.minecraft.client.renderer.texture.SpriteContents/]: Invalid frame index on sprite powah:item/ender_core frame 150: 8
[10May2026 01:28:05.993] [resourceLoad/WARN] [net.minecraft.client.renderer.texture.SpriteContents/]: Invalid frame index on sprite powah:item/ender_core frame 151: 8
[10May2026 01:28:05.993] [resourceLoad/WARN] [net.minecraft.client.renderer.texture.SpriteContents/]: Invalid frame index on sprite powah:item/ender_core frame 152: 8
[10May2026 01:28:05.993] [resourceLoad/WARN] [net.minecraft.client.renderer.texture.SpriteContents/]: Invalid frame index on sprite powah:item/ender_core frame 153: 8
[10May2026 01:28:05.993] [resourceLoad/WARN] [net.minecraft.client.renderer.texture.SpriteContents/]: Invalid frame index on sprite powah:item/ender_core frame 172: 5
[10May2026 01:28:05.993] [resourceLoad/WARN] [net.minecraft.client.renderer.texture.SpriteContents/]: Invalid frame index on sprite powah:item/ender_core frame 173: 5
[10May2026 01:28:05.993] [resourceLoad/WARN] [net.minecraft.client.renderer.texture.SpriteContents/]: Invalid frame index on sprite powah:item/ender_core frame 174: 5
[10May2026 01:28:05.993] [resourceLoad/WARN] [net.minecraft.client.renderer.texture.SpriteContents/]: Invalid frame index on sprite powah:item/ender_core frame 175: 5
[10May2026 01:28:05.993] [resourceLoad/WARN] [net.minecraft.client.renderer.texture.SpriteContents/]: Invalid frame index on sprite powah:item/ender_core frame 192: 8
[10May2026 01:28:05.993] [resourceLoad/WARN] [net.minecraft.client.renderer.texture.SpriteContents/]: Invalid frame index on sprite powah:item/ender_core frame 193: 8
[10May2026 01:28:05.993] [resourceLoad/WARN] [net.minecraft.client.renderer.texture.SpriteContents/]: Invalid frame index on sprite powah:item/ender_core frame 194: 8
[10May2026 01:28:05.994] [resourceLoad/WARN] [net.minecraft.client.renderer.texture.SpriteContents/]: Invalid frame index on sprite powah:item/ender_core frame 195: 8
[10May2026 01:28:06.310] [resourceLoad/WARN] [net.minecraft.client.resources.model.ModelManager/]: Missing texture references in model refinedstorage:block/disk/led/inactive:
    #base
[10May2026 01:28:06.361] [Render thread/WARN] [com.mojang.blaze3d.opengl.GlProgram/]: neoforge:pipeline/item_cutout_unlit shader program does not use sampler Sampler2 defined in the pipeline. This might be a bug.
[10May2026 01:28:06.365] [Render thread/WARN] [com.mojang.blaze3d.opengl.GlProgram/]: neoforge:pipeline/item_translucent_unlit shader program does not use sampler Sampler2 defined in the pipeline. This might be a bug.
[10May2026 01:28:06.576] [Render thread/INFO] [com.mojang.blaze3d.audio.Library/]: OpenAL initialized on device OpenAL Soft on Speakers (Realtek USB Audio)
[10May2026 01:28:06.577] [Render thread/INFO] [net.minecraft.client.sounds.SoundEngine/SOUNDS]: Sound engine started
[10May2026 01:28:06.578] [Render thread/INFO] [net.minecraft.client.renderer.texture.TextureAtlas/]: Created: 512x256x0 minecraft:textures/atlas/particles.png-atlas
[10May2026 01:28:06.587] [Render thread/INFO] [net.minecraft.client.renderer.texture.TextureAtlas/]: Created: 128x128x0 minecraft:textures/atlas/decorated_pot.png-atlas
[10May2026 01:28:06.588] [Render thread/INFO] [net.minecraft.client.renderer.texture.TextureAtlas/]: Created: 2048x1024x0 minecraft:textures/atlas/armor_trims.png-atlas
[10May2026 01:28:06.597] [Render thread/INFO] [net.minecraft.client.renderer.texture.TextureAtlas/]: Created: 512x256x0 minecraft:textures/atlas/paintings.png-atlas
[10May2026 01:28:06.607] [Render thread/INFO] [net.minecraft.client.renderer.texture.TextureAtlas/]: Created: 1024x512x0 minecraft:textures/atlas/shield_patterns.png-atlas
[10May2026 01:28:06.608] [Render thread/INFO] [net.minecraft.client.renderer.texture.TextureAtlas/]: Created: 4096x2048x4 minecraft:textures/atlas/blocks.png-atlas
[10May2026 01:28:06.660] [Render thread/INFO] [net.minecraft.client.renderer.texture.TextureAtlas/]: Created: 512x512x0 minecraft:textures/atlas/chest.png-atlas
[10May2026 01:28:06.689] [Render thread/INFO] [net.minecraft.client.renderer.texture.TextureAtlas/]: Created: 256x128x0 minecraft:textures/atlas/celestials.png-atlas
[10May2026 01:28:06.689] [Render thread/INFO] [net.minecraft.client.renderer.texture.TextureAtlas/]: Created: 1024x512x0 minecraft:textures/atlas/banner_patterns.png-atlas
[10May2026 01:28:06.689] [Render thread/INFO] [net.minecraft.client.renderer.texture.TextureAtlas/]: Created: 512x512x0 minecraft:textures/atlas/beds.png-atlas
[10May2026 01:28:06.692] [Render thread/INFO] [net.minecraft.client.renderer.texture.TextureAtlas/]: Created: 1024x512x0 minecraft:textures/atlas/items.png-atlas
[10May2026 01:28:06.700] [Render thread/INFO] [net.minecraft.client.renderer.texture.TextureAtlas/]: Created: 1024x1024x0 minecraft:textures/atlas/gui.png-atlas
[10May2026 01:28:06.711] [Render thread/INFO] [net.minecraft.client.renderer.texture.TextureAtlas/]: Created: 128x64x0 minecraft:textures/atlas/map_decorations.png-atlas
[10May2026 01:28:06.717] [Render thread/INFO] [net.minecraft.client.renderer.texture.TextureAtlas/]: Created: 512x256x0 minecraft:textures/atlas/signs.png-atlas
[10May2026 01:28:06.718] [Render thread/INFO] [net.minecraft.client.renderer.texture.TextureAtlas/]: Created: 512x512x0 minecraft:textures/atlas/shulker_boxes.png-atlas
[10May2026 01:28:06.785] [Render thread/INFO] [net.neoforged.neoforge.client.entity.animation.json.AnimationLoader/]: Loaded 0 entity animations
[10May2026 01:28:06.843] [Render thread/INFO] [guideme.internal.GuideReloadListener/]: Data driven guides: []
[10May2026 01:28:06.846] [Render thread/INFO] [net.minecraft.client.renderer.texture.TextureAtlas/]: Created: 256x256x0 jei:textures/atlas/gui.png-atlas
[10May2026 01:28:11.339] [Render thread/INFO] [net.minecraft.world.item.crafting.RecipeManager/]: Loaded 2105 recipes
[10May2026 01:28:11.347] [Render thread/INFO] [net.minecraft.advancements.AdvancementTree/]: Loaded 1885 advancements
[10May2026 01:28:11.349] [Render thread/INFO] [net.neoforged.neoforge.common.crafting.RecipePriorityManager/]: Loaded 0 recipe priority overrides
[10May2026 01:28:11.446] [Server thread/INFO] [net.minecraft.client.server.IntegratedServer/]: Starting integrated minecraft server version 26.1.2
[10May2026 01:28:11.446] [Server thread/INFO] [net.minecraft.server.MinecraftServer/]: Generating keypair
[10May2026 01:28:11.643] [Server thread/INFO] [net.minecraft.server.level.progress.LoggingLevelLoadListener/]: Loading 0 persistent chunks...
[10May2026 01:28:11.644] [Server thread/INFO] [net.minecraft.server.level.progress.LoggingLevelLoadListener/]: Preparing spawn area: 16%
[10May2026 01:28:11.656] [Server thread/INFO] [net.minecraft.server.MinecraftServer/]: Saving chunks for level 'ServerLevel[New World]'/minecraft:overworld
[10May2026 01:28:11.672] [Server thread/INFO] [net.minecraft.server.MinecraftServer/]: Saving chunks for level 'ServerLevel[New World]'/minecraft:the_end
[10May2026 01:28:11.676] [Server thread/INFO] [net.minecraft.server.MinecraftServer/]: Saving chunks for level 'ServerLevel[New World]'/minecraft:the_nether
[10May2026 01:28:11.686] [Server thread/INFO] [net.minecraft.server.MinecraftServer/]: ThreadedAnvilChunkStorage (world): All chunks are saved
[10May2026 01:28:11.686] [Server thread/INFO] [net.minecraft.server.MinecraftServer/]: ThreadedAnvilChunkStorage (DIM1): All chunks are saved
[10May2026 01:28:11.686] [Server thread/INFO] [net.minecraft.server.MinecraftServer/]: ThreadedAnvilChunkStorage (DIM-1): All chunks are saved
[10May2026 01:28:11.686] [Server thread/INFO] [net.minecraft.server.MinecraftServer/]: ThreadedAnvilChunkStorage: All dimensions are saved
[10May2026 01:28:11.689] [Server thread/INFO] [net.neoforged.neoforge.server.permission.PermissionAPI/]: Successfully initialized permission handler neoforge:default_handler
[10May2026 01:28:12.106] [Server thread/INFO] [net.minecraft.server.level.progress.LoggingLevelLoadListener/]: Loading 49 chunks for player spawn...
[10May2026 01:28:12.191] [Server thread/INFO] [net.minecraft.server.level.progress.LoggingLevelLoadListener/]: Preparing spawn area: 16%
[10May2026 01:28:12.290] [Server thread/INFO] [net.minecraft.server.level.progress.LoggingLevelLoadListener/]: Time elapsed: 647 ms
[10May2026 01:28:12.470] [Server thread/INFO] [net.minecraft.server.players.PlayerList/]: Dev[local:E:29082228] logged in with entity id 60 at (132.028227156757, 160.0, 46.54822426732657)
[10May2026 01:28:12.499] [Server thread/INFO] [net.minecraft.server.MinecraftServer/]: Dev joined the game
[10May2026 01:28:12.568] [Server thread/INFO] [net.minecraft.client.server.IntegratedServer/]: Changing view distance to 16, from 10
[10May2026 01:28:12.570] [Server thread/INFO] [net.minecraft.client.server.IntegratedServer/]: Changing simulation distance to 12, from 0
[10May2026 01:28:12.573] [Render thread/INFO] [mezz.jei.core.util.LoggedTimer/]: Starting JEI...
[10May2026 01:28:12.578] [Render thread/INFO] [mezz.jei.library.load.PluginCaller/]: Registering item subtypes...
[10May2026 01:28:12.580] [Render thread/INFO] [mezz.jei.library.load.PluginCaller/]: Registering item subtypes took 1.728 milliseconds
[10May2026 01:28:12.580] [Render thread/INFO] [mezz.jei.library.load.PluginCaller/]: Registering fluid subtypes...
[10May2026 01:28:12.581] [Render thread/INFO] [mezz.jei.library.load.PluginCaller/]: Registering fluid subtypes took 693.7 microseconds
[10May2026 01:28:12.582] [Render thread/INFO] [mezz.jei.library.load.PluginCaller/]: Registering ingredients...
[10May2026 01:28:12.641] [Render thread/WARN] [mezz.jei.library.plugins.vanilla.ingredients.ItemStackListFactory/]: 4 duplicate items were found in 'Refined Storage' creative tab's: displayItems
This may indicate that these types of item need a subtype interpreter added to JEI:
[refinedstorage:wireless_autocrafting_monitor, refinedstorage:portable_grid, refinedstorage:wireless_grid, refinedstorage:controller]
[10May2026 01:28:12.645] [Render thread/WARN] [mezz.jei.library.plugins.vanilla.ingredients.ItemStackListFactory/]: 15 duplicate items were found in 'Refined Storage (colorized)' creative tab's: displayItems
This may indicate that these types of item need a subtype interpreter added to JEI:
[refinedstorage:light_gray_controller, refinedstorage:red_controller, refinedstorage:yellow_controller, refinedstorage:green_controller, refinedstorage:white_controller, refinedstorage:magenta_controller, refinedstorage:orange_controller, refinedstorage:cyan_controller, refinedstorage:purple_controller, refinedstorage:lime_controller, refinedstorage:black_controller, refinedstorage:brown_controller, refinedstorage:blue_controller, refinedstorage:pink_controller, refinedstorage:gray_controller]
[10May2026 01:28:12.661] [Render thread/INFO] [mezz.jei.library.load.PluginCallerTimerRunnable/]: Registering ingredients: jei:minecraft took 79.43 milliseconds
[10May2026 01:28:12.662] [Render thread/INFO] [mezz.jei.library.load.PluginCaller/]: Registering ingredients took 79.96 milliseconds
[10May2026 01:28:12.662] [Render thread/INFO] [mezz.jei.library.load.PluginCaller/]: Registering extra ingredients...
[10May2026 01:28:12.662] [Render thread/INFO] [mezz.jei.library.load.PluginCaller/]: Registering extra ingredients took 140.4 microseconds
[10May2026 01:28:12.662] [Render thread/INFO] [mezz.jei.library.load.PluginCaller/]: Registering search ingredient aliases...
[10May2026 01:28:12.662] [Render thread/INFO] [mezz.jei.library.load.PluginCaller/]: Registering search ingredient aliases took 197.7 microseconds
[10May2026 01:28:12.669] [Render thread/INFO] [mezz.jei.library.load.PluginCaller/]: Registering Mod Info...
[10May2026 01:28:12.670] [Render thread/INFO] [mezz.jei.library.load.PluginCaller/]: Registering Mod Info took 148.7 microseconds
[10May2026 01:28:12.680] [Render thread/INFO] [mezz.jei.library.load.PluginCaller/]: Registering categories...
[10May2026 01:28:12.692] [Render thread/INFO] [mezz.jei.library.load.PluginCaller/]: Registering categories took 13.00 milliseconds
[10May2026 01:28:12.693] [Render thread/INFO] [mezz.jei.library.load.PluginCaller/]: Registering vanilla category extensions...
[10May2026 01:28:12.694] [Render thread/INFO] [mezz.jei.library.load.PluginCaller/]: Registering vanilla category extensions took 1.049 milliseconds
[10May2026 01:28:12.694] [Render thread/INFO] [mezz.jei.library.load.PluginCaller/]: Registering recipe catalysts...
[10May2026 01:28:12.696] [Render thread/INFO] [mezz.jei.library.load.PluginCaller/]: Registering recipe catalysts took 519.3 microseconds
[10May2026 01:28:12.696] [Render thread/INFO] [mezz.jei.core.util.LoggedTimer/]: Building recipe registry...
[10May2026 01:28:12.702] [Render thread/INFO] [mezz.jei.core.util.LoggedTimer/]: Building recipe registry took 5.887 milliseconds
[10May2026 01:28:12.702] [Render thread/INFO] [mezz.jei.library.load.PluginCaller/]: Registering advanced plugins...
[10May2026 01:28:12.703] [Render thread/INFO] [mezz.jei.library.load.PluginCaller/]: Registering advanced plugins took 83.80 microseconds
[10May2026 01:28:12.703] [Render thread/INFO] [mezz.jei.library.load.PluginCaller/]: Registering recipes...
[10May2026 01:28:12.863] [Render thread/INFO] [mezz.jei.library.load.PluginCallerTimerRunnable/]: Registering recipes: jei:minecraft took 160.2 milliseconds
[10May2026 01:28:12.876] [Render thread/INFO] [mezz.jei.library.load.PluginCaller/]: Registering recipes took 173.2 milliseconds
[10May2026 01:28:12.882] [Render thread/INFO] [mezz.jei.library.load.PluginCaller/]: Registering recipes transfer handlers...
[10May2026 01:28:12.883] [Render thread/INFO] [mezz.jei.library.load.PluginCaller/]: Registering recipes transfer handlers took 1.287 milliseconds
[10May2026 01:28:12.886] [Render thread/INFO] [mezz.jei.core.util.LoggedTimer/]: Building runtime...
[10May2026 01:28:12.887] [Render thread/INFO] [mezz.jei.library.load.PluginCaller/]: Registering gui handlers...
[10May2026 01:28:12.891] [Render thread/INFO] [mezz.jei.library.load.PluginCaller/]: Registering gui handlers took 4.155 milliseconds
[10May2026 01:28:12.893] [Render thread/INFO] [mezz.jei.library.load.PluginCaller/]: Registering Runtime...
[10May2026 01:28:12.904] [Render thread/INFO] [mezz.jei.gui.startup.JeiGuiStarter/]: Starting JEI GUI
[10May2026 01:28:12.905] [Render thread/INFO] [mezz.jei.core.util.LoggedTimer/]: Building ingredient list...
[10May2026 01:28:12.921] [Render thread/INFO] [mezz.jei.core.util.LoggedTimer/]: Building ingredient list took 15.82 milliseconds
[10May2026 01:28:12.921] [Render thread/INFO] [mezz.jei.core.util.LoggedTimer/]: Building ingredient filter...
[10May2026 01:28:12.936] [Render thread/INFO] [mezz.jei.gui.ingredients.IngredientFilter/]: Adding 2413 ingredients
[10May2026 01:28:13.087] [Render thread/INFO] [mezz.jei.gui.ingredients.IngredientFilter/]: Added 2413 ingredients
[10May2026 01:28:13.088] [Render thread/INFO] [mezz.jei.core.util.LoggedTimer/]: Building ingredient filter took 167.1 milliseconds
[10May2026 01:28:13.139] [Render thread/INFO] [mezz.jei.library.load.PluginCallerTimerRunnable/]: Registering Runtime: jei:neoforge_gui took 245.2 milliseconds
[10May2026 01:28:13.139] [Render thread/INFO] [mezz.jei.library.load.PluginCaller/]: Registering Runtime took 245.7 milliseconds
[10May2026 01:28:13.140] [Render thread/INFO] [mezz.jei.core.util.LoggedTimer/]: Building runtime took 253.8 milliseconds
[10May2026 01:28:13.140] [Render thread/INFO] [mezz.jei.library.load.PluginCaller/]: Sending Runtime...
[10May2026 01:28:13.142] [Render thread/INFO] [mezz.jei.library.load.PluginCaller/]: Sending Runtime took 2.215 milliseconds
[10May2026 01:28:13.142] [Render thread/INFO] [mezz.jei.core.util.LoggedTimer/]: Starting JEI took 568.5 milliseconds
[10May2026 01:28:13.156] [Render thread/WARN] [net.minecraft.client.multiplayer.ClientPacketListener/]: Ignoring chat session from Dev due to missing Services public key
[10May2026 01:28:13.161] [Render thread/INFO] [net.minecraft.advancements.AdvancementTree/]: Loaded 49 advancements
[10May2026 01:28:13.262] [Render thread/INFO] [net.minecraft.client.renderer.DynamicUniformStorage/]: Resizing Dynamic Transforms UBO, capacity limit of 2 reached during a single frame. New capacity will be 4.
[10May2026 01:28:13.284] [Render thread/INFO] [net.minecraft.client.renderer.DynamicUniformStorage/]: Resizing Dynamic Transforms UBO, capacity limit of 4 reached during a single frame. New capacity will be 8.
[10May2026 01:28:13.349] [Render thread/INFO] [net.minecraft.client.renderer.DynamicUniformStorage/]: Resizing Chunk Sections UBO, capacity limit of 2 reached during a single frame. New capacity will be 8.
[10May2026 01:28:13.420] [Render thread/INFO] [net.minecraft.client.renderer.DynamicUniformStorage/]: Resizing Chunk Sections UBO, capacity limit of 8 reached during a single frame. New capacity will be 16.
[10May2026 01:28:13.455] [Render thread/INFO] [net.minecraft.client.renderer.DynamicUniformStorage/]: Resizing Chunk Sections UBO, capacity limit of 16 reached during a single frame. New capacity will be 64.
[10May2026 01:28:13.513] [Render thread/INFO] [net.minecraft.client.renderer.DynamicUniformStorage/]: Resizing Chunk Sections UBO, capacity limit of 64 reached during a single frame. New capacity will be 128.
[10May2026 01:28:13.616] [Render thread/INFO] [net.minecraft.client.renderer.DynamicUniformStorage/]: Resizing Chunk Sections UBO, capacity limit of 128 reached during a single frame. New capacity will be 256.
[10May2026 01:28:13.804] [Render thread/INFO] [net.minecraft.client.renderer.DynamicUniformStorage/]: Resizing Chunk Sections UBO, capacity limit of 256 reached during a single frame. New capacity will be 512.
[10May2026 01:28:14.026] [Render thread/INFO] [net.minecraft.client.renderer.DynamicUniformStorage/]: Resizing Chunk Sections UBO, capacity limit of 512 reached during a single frame. New capacity will be 1024.
[10May2026 01:28:14.611] [Render thread/INFO] [net.minecraft.client.renderer.DynamicUniformStorage/]: Resizing Chunk Sections UBO, capacity limit of 1024 reached during a single frame. New capacity will be 2048.
[10May2026 01:28:16.220] [Render thread/INFO] [net.minecraft.client.renderer.DynamicUniformStorage/]: Resizing Dynamic Transforms UBO, capacity limit of 8 reached during a single frame. New capacity will be 16.
[10May2026 01:29:02.854] [Render thread/INFO] [net.minecraft.advancements.AdvancementTree/]: Loaded 50 advancements
[10May2026 01:29:21.850] [Render thread/INFO] [net.minecraft.advancements.AdvancementTree/]: Loaded 69 advancements
[10May2026 01:29:24.901] [Render thread/INFO] [net.minecraft.advancements.AdvancementTree/]: Loaded 70 advancements
[10May2026 01:29:26.851] [Render thread/INFO] [net.minecraft.advancements.AdvancementTree/]: Loaded 71 advancements
[10May2026 01:29:28.553] [Render thread/INFO] [net.minecraft.advancements.AdvancementTree/]: Loaded 72 advancements
[10May2026 01:29:46.491] [Server thread/INFO] [net.minecraft.client.server.IntegratedServer/]: Saving and pausing game...
[10May2026 01:29:46.498] [Server thread/INFO] [net.minecraft.server.MinecraftServer/]: Saving chunks for level 'ServerLevel[New World]'/minecraft:overworld
[10May2026 01:29:46.510] [Server thread/INFO] [net.minecraft.server.MinecraftServer/]: Saving chunks for level 'ServerLevel[New World]'/minecraft:the_end
[10May2026 01:29:46.510] [Server thread/INFO] [net.minecraft.server.MinecraftServer/]: Saving chunks for level 'ServerLevel[New World]'/minecraft:the_nether
[10May2026 01:30:00.841] [Server thread/INFO] [net.minecraft.client.server.IntegratedServer/]: Saving and pausing game...
[10May2026 01:30:00.847] [Server thread/INFO] [net.minecraft.server.MinecraftServer/]: Saving chunks for level 'ServerLevel[New World]'/minecraft:overworld
[10May2026 01:30:00.854] [Server thread/INFO] [net.minecraft.server.MinecraftServer/]: Saving chunks for level 'ServerLevel[New World]'/minecraft:the_end
[10May2026 01:30:00.854] [Server thread/INFO] [net.minecraft.server.MinecraftServer/]: Saving chunks for level 'ServerLevel[New World]'/minecraft:the_nether
